Archive member included to satisfy reference by file (symbol)

C:/ST/STM32CubeIDE_1.14.1/STM32CubeIDE/plugins/com.st.stm32cube.ide.mcu.externaltools.gnu-tools-for-stm32.11.3.rel1.win32_1.1.100.202309141235/tools/bin/../lib/gcc/arm-none-eabi/11.3.1/../../../../arm-none-eabi/lib/thumb/v7-m/nofp\libc_nano.a(libc_a-exit.o)
                              C:/ST/STM32CubeIDE_1.14.1/STM32CubeIDE/plugins/com.st.stm32cube.ide.mcu.externaltools.gnu-tools-for-stm32.11.3.rel1.win32_1.1.100.202309141235/tools/bin/../lib/gcc/arm-none-eabi/11.3.1/../../../../arm-none-eabi/lib/thumb/v7-m/nofp/crt0.o (exit)
C:/ST/STM32CubeIDE_1.14.1/STM32CubeIDE/plugins/com.st.stm32cube.ide.mcu.externaltools.gnu-tools-for-stm32.11.3.rel1.win32_1.1.100.202309141235/tools/bin/../lib/gcc/arm-none-eabi/11.3.1/../../../../arm-none-eabi/lib/thumb/v7-m/nofp\libc_nano.a(libc_a-findfp.o)
                              ./Middlewares/Third_Party/FreeRTOS/Source/tasks.o (__sf)
C:/ST/STM32CubeIDE_1.14.1/STM32CubeIDE/plugins/com.st.stm32cube.ide.mcu.externaltools.gnu-tools-for-stm32.11.3.rel1.win32_1.1.100.202309141235/tools/bin/../lib/gcc/arm-none-eabi/11.3.1/../../../../arm-none-eabi/lib/thumb/v7-m/nofp\libc_nano.a(libc_a-fwalk.o)
                              C:/ST/STM32CubeIDE_1.14.1/STM32CubeIDE/plugins/com.st.stm32cube.ide.mcu.externaltools.gnu-tools-for-stm32.11.3.rel1.win32_1.1.100.202309141235/tools/bin/../lib/gcc/arm-none-eabi/11.3.1/../../../../arm-none-eabi/lib/thumb/v7-m/nofp\libc_nano.a(libc_a-findfp.o) (_fwalk_sglue)
C:/ST/STM32CubeIDE_1.14.1/STM32CubeIDE/plugins/com.st.stm32cube.ide.mcu.externaltools.gnu-tools-for-stm32.11.3.rel1.win32_1.1.100.202309141235/tools/bin/../lib/gcc/arm-none-eabi/11.3.1/../../../../arm-none-eabi/lib/thumb/v7-m/nofp\libc_nano.a(libc_a-stdio.o)
                              C:/ST/STM32CubeIDE_1.14.1/STM32CubeIDE/plugins/com.st.stm32cube.ide.mcu.externaltools.gnu-tools-for-stm32.11.3.rel1.win32_1.1.100.202309141235/tools/bin/../lib/gcc/arm-none-eabi/11.3.1/../../../../arm-none-eabi/lib/thumb/v7-m/nofp\libc_nano.a(libc_a-findfp.o) (__sread)
C:/ST/STM32CubeIDE_1.14.1/STM32CubeIDE/plugins/com.st.stm32cube.ide.mcu.externaltools.gnu-tools-for-stm32.11.3.rel1.win32_1.1.100.202309141235/tools/bin/../lib/gcc/arm-none-eabi/11.3.1/../../../../arm-none-eabi/lib/thumb/v7-m/nofp\libc_nano.a(libc_a-memset.o)
                              C:/ST/STM32CubeIDE_1.14.1/STM32CubeIDE/plugins/com.st.stm32cube.ide.mcu.externaltools.gnu-tools-for-stm32.11.3.rel1.win32_1.1.100.202309141235/tools/bin/../lib/gcc/arm-none-eabi/11.3.1/../../../../arm-none-eabi/lib/thumb/v7-m/nofp/crt0.o (memset)
C:/ST/STM32CubeIDE_1.14.1/STM32CubeIDE/plugins/com.st.stm32cube.ide.mcu.externaltools.gnu-tools-for-stm32.11.3.rel1.win32_1.1.100.202309141235/tools/bin/../lib/gcc/arm-none-eabi/11.3.1/../../../../arm-none-eabi/lib/thumb/v7-m/nofp\libc_nano.a(libc_a-closer.o)
                              C:/ST/STM32CubeIDE_1.14.1/STM32CubeIDE/plugins/com.st.stm32cube.ide.mcu.externaltools.gnu-tools-for-stm32.11.3.rel1.win32_1.1.100.202309141235/tools/bin/../lib/gcc/arm-none-eabi/11.3.1/../../../../arm-none-eabi/lib/thumb/v7-m/nofp\libc_nano.a(libc_a-stdio.o) (_close_r)
C:/ST/STM32CubeIDE_1.14.1/STM32CubeIDE/plugins/com.st.stm32cube.ide.mcu.externaltools.gnu-tools-for-stm32.11.3.rel1.win32_1.1.100.202309141235/tools/bin/../lib/gcc/arm-none-eabi/11.3.1/../../../../arm-none-eabi/lib/thumb/v7-m/nofp\libc_nano.a(libc_a-reent.o)
                              ./Middlewares/Third_Party/FreeRTOS/Source/tasks.o (_reclaim_reent)
C:/ST/STM32CubeIDE_1.14.1/STM32CubeIDE/plugins/com.st.stm32cube.ide.mcu.externaltools.gnu-tools-for-stm32.11.3.rel1.win32_1.1.100.202309141235/tools/bin/../lib/gcc/arm-none-eabi/11.3.1/../../../../arm-none-eabi/lib/thumb/v7-m/nofp\libc_nano.a(libc_a-impure.o)
                              ./Middlewares/Third_Party/FreeRTOS/Source/tasks.o (_impure_ptr)
C:/ST/STM32CubeIDE_1.14.1/STM32CubeIDE/plugins/com.st.stm32cube.ide.mcu.externaltools.gnu-tools-for-stm32.11.3.rel1.win32_1.1.100.202309141235/tools/bin/../lib/gcc/arm-none-eabi/11.3.1/../../../../arm-none-eabi/lib/thumb/v7-m/nofp\libc_nano.a(libc_a-lseekr.o)
                              C:/ST/STM32CubeIDE_1.14.1/STM32CubeIDE/plugins/com.st.stm32cube.ide.mcu.externaltools.gnu-tools-for-stm32.11.3.rel1.win32_1.1.100.202309141235/tools/bin/../lib/gcc/arm-none-eabi/11.3.1/../../../../arm-none-eabi/lib/thumb/v7-m/nofp\libc_nano.a(libc_a-stdio.o) (_lseek_r)
C:/ST/STM32CubeIDE_1.14.1/STM32CubeIDE/plugins/com.st.stm32cube.ide.mcu.externaltools.gnu-tools-for-stm32.11.3.rel1.win32_1.1.100.202309141235/tools/bin/../lib/gcc/arm-none-eabi/11.3.1/../../../../arm-none-eabi/lib/thumb/v7-m/nofp\libc_nano.a(libc_a-readr.o)
                              C:/ST/STM32CubeIDE_1.14.1/STM32CubeIDE/plugins/com.st.stm32cube.ide.mcu.externaltools.gnu-tools-for-stm32.11.3.rel1.win32_1.1.100.202309141235/tools/bin/../lib/gcc/arm-none-eabi/11.3.1/../../../../arm-none-eabi/lib/thumb/v7-m/nofp\libc_nano.a(libc_a-stdio.o) (_read_r)
[...]
Memory Configuration

Name             Origin             Length             Attributes
RAM              0x0000000020000000 0x0000000000014000 xrw
FLASH            0x0000000008000000 0x0000000000080000 xr
*default*        0x0000000000000000 0xffffffffffffffff

Linker script and memory map

LOAD C:/ST/STM32CubeIDE_1.14.1/STM32CubeIDE/plugins/com.st.stm32cube.ide.mcu.externaltools.gnu-tools-for-stm32.11.3.rel1.win32_1.1.100.202309141235/tools/bin/../lib/gcc/arm-none-eabi/11.3.1/thumb/v7-m/nofp/crti.o
LOAD C:/ST/STM32CubeIDE_1.14.1/STM32CubeIDE/plugins/com.st.stm32cube.ide.mcu.externaltools.gnu-tools-for-stm32.11.3.rel1.win32_1.1.100.202309141235/tools/bin/../lib/gcc/arm-none-eabi/11.3.1/thumb/v7-m/nofp/crtbegin.o
LOAD C:/ST/STM32CubeIDE_1.14.1/STM32CubeIDE/plugins/com.st.stm32cube.ide.mcu.externaltools.gnu-tools-for-stm32.11.3.rel1.win32_1.1.100.202309141235/tools/bin/../lib/gcc/arm-none-eabi/11.3.1/../../../../arm-none-eabi/lib/thumb/v7-m/nofp/crt0.o
LOAD ./Core/Src/alarm.o
LOAD ./Core/Src/distance-sensor.o
LOAD ./Core/Src/freertos.o
LOAD ./Core/Src/led.o
LOAD ./Core/Src/main.o
LOAD ./Core/Src/stm32l1xx_hal_msp.o
LOAD ./Core/Src/stm32l1xx_hal_timebase_tim.o
LOAD ./Core/Src/stm32l1xx_it.o
LOAD ./Core/Src/syscalls.o
LOAD ./Core/Src/sysmem.o
LOAD ./Core/Src/system_stm32l1xx.o
LOAD ./Core/Src/task-manager.o
LOAD ./Core/Src/temperature-sensor.o
LOAD ./Core/Startup/startup_stm32l152retx.o
LOAD ./Drivers/STM32L1xx_HAL_Driver/Src/stm32l1xx_hal.o
LOAD ./Drivers/STM32L1xx_HAL_Driver/Src/stm32l1xx_hal_adc.o
LOAD ./Drivers/STM32L1xx_HAL_Driver/Src/stm32l1xx_hal_adc_ex.o
LOAD ./Drivers/STM32L1xx_HAL_Driver/Src/stm32l1xx_hal_cortex.o
LOAD ./Drivers/STM32L1xx_HAL_Driver/Src/stm32l1xx_hal_dma.o
LOAD ./Drivers/STM32L1xx_HAL_Driver/Src/stm32l1xx_hal_exti.o
LOAD ./Drivers/STM32L1xx_HAL_Driver/Src/stm32l1xx_hal_flash.o
LOAD ./Drivers/STM32L1xx_HAL_Driver/Src/stm32l1xx_hal_flash_ex.o
LOAD ./Drivers/STM32L1xx_HAL_Driver/Src/stm32l1xx_hal_flash_ramfunc.o
LOAD ./Drivers/STM32L1xx_HAL_Driver/Src/stm32l1xx_hal_gpio.o
LOAD ./Drivers/STM32L1xx_HAL_Driver/Src/stm32l1xx_hal_pwr.o
LOAD ./Drivers/STM32L1xx_HAL_Driver/Src/stm32l1xx_hal_pwr_ex.o
LOAD ./Drivers/STM32L1xx_HAL_Driver/Src/stm32l1xx_hal_rcc.o
LOAD ./Drivers/STM32L1xx_HAL_Driver/Src/stm32l1xx_hal_rcc_ex.o
LOAD ./Drivers/STM32L1xx_HAL_Driver/Src/stm32l1xx_hal_tim.o
LOAD ./Drivers/STM32L1xx_HAL_Driver/Src/stm32l1xx_hal_tim_ex.o
LOAD ./Middlewares/Third_Party/FreeRTOS/Source/CMSIS_RTOS_V2/cmsis_os2.o
LOAD ./Middlewares/Third_Party/FreeRTOS/Source/croutine.o
LOAD ./Middlewares/Third_Party/FreeRTOS/Source/event_groups.o
LOAD ./Middlewares/Third_Party/FreeRTOS/Source/list.o
LOAD ./Middlewares/Third_Party/FreeRTOS/Source/queue.o
LOAD ./Middlewares/Third_Party/FreeRTOS/Source/stream_buffer.o
LOAD ./Middlewares/Third_Party/FreeRTOS/Source/tasks.o
LOAD ./Middlewares/Third_Party/FreeRTOS/Source/timers.o
LOAD ./Middlewares/Third_Party/FreeRTOS/Source/portable/GCC/ARM_CM3/port.o
LOAD ./Middlewares/Third_Party/FreeRTOS/Source/portable/MemMang/heap_4.o
START GROUP
LOAD C:/ST/STM32CubeIDE_1.14.1/STM32CubeIDE/plugins/com.st.stm32cube.ide.mcu.externaltools.gnu-tools-for-stm32.11.3.rel1.win32_1.1.100.202309141235/tools/bin/../lib/gcc/arm-none-eabi/11.3.1/../../../../arm-none-eabi/lib/thumb/v7-m/nofp\libc_nano.a
LOAD C:/ST/STM32CubeIDE_1.14.1/STM32CubeIDE/plugins/com.st.stm32cube.ide.mcu.externaltools.gnu-tools-for-stm32.11.3.rel1.win32_1.1.100.202309141235/tools/bin/../lib/gcc/arm-none-eabi/11.3.1/../../../../arm-none-eabi/lib/thumb/v7-m/nofp\libm.a
END GROUP
START GROUP
LOAD C:/ST/STM32CubeIDE_1.14.1/STM32CubeIDE/plugins/com.st.stm32cube.ide.mcu.externaltools.gnu-tools-for-stm32.11.3.rel1.win32_1.1.100.202309141235/tools/bin/../lib/gcc/arm-none-eabi/11.3.1/thumb/v7-m/nofp\libgcc.a
LOAD C:/ST/STM32CubeIDE_1.14.1/STM32CubeIDE/plugins/com.st.stm32cube.ide.mcu.externaltools.gnu-tools-for-stm32.11.3.rel1.win32_1.1.100.202309141235/tools/bin/../lib/gcc/arm-none-eabi/11.3.1/../../../../arm-none-eabi/lib/thumb/v7-m/nofp\libc_nano.a
END GROUP
START GROUP
LOAD C:/ST/STM32CubeIDE_1.14.1/STM32CubeIDE/plugins/com.st.stm32cube.ide.mcu.externaltools.gnu-tools-for-stm32.11.3.rel1.win32_1.1.100.202309141235/tools/bin/../lib/gcc/arm-none-eabi/11.3.1/thumb/v7-m/nofp\libgcc.a
LOAD C:/ST/STM32CubeIDE_1.14.1/STM32CubeIDE/plugins/com.st.stm32cube.ide.mcu.externaltools.gnu-tools-for-stm32.11.3.rel1.win32_1.1.100.202309141235/tools/bin/../lib/gcc/arm-none-eabi/11.3.1/../../../../arm-none-eabi/lib/thumb/v7-m/nofp\libc_nano.a
LOAD C:/ST/STM32CubeIDE_1.14.1/STM32CubeIDE/plugins/com.st.stm32cube.ide.mcu.externaltools.gnu-tools-for-stm32.11.3.rel1.win32_1.1.100.202309141235/tools/bin/../lib/gcc/arm-none-eabi/11.3.1/../../../../arm-none-eabi/lib/thumb/v7-m/nofp\libnosys.a
END GROUP
START GROUP
LOAD C:/ST/STM32CubeIDE_1.14.1/STM32CubeIDE/plugins/com.st.stm32cube.ide.mcu.externaltools.gnu-tools-for-stm32.11.3.rel1.win32_1.1.100.202309141235/tools/bin/../lib/gcc/arm-none-eabi/11.3.1/thumb/v7-m/nofp\libgcc.a
LOAD C:/ST/STM32CubeIDE_1.14.1/STM32CubeIDE/plugins/com.st.stm32cube.ide.mcu.externaltools.gnu-tools-for-stm32.11.3.rel1.win32_1.1.100.202309141235/tools/bin/../lib/gcc/arm-none-eabi/11.3.1/../../../../arm-none-eabi/lib/thumb/v7-m/nofp\libc_nano.a
LOAD C:/ST/STM32CubeIDE_1.14.1/STM32CubeIDE/plugins/com.st.stm32cube.ide.mcu.externaltools.gnu-tools-for-stm32.11.3.rel1.win32_1.1.100.202309141235/tools/bin/../lib/gcc/arm-none-eabi/11.3.1/../../../../arm-none-eabi/lib/thumb/v7-m/nofp\libnosys.a
END GROUP
LOAD C:/ST/STM32CubeIDE_1.14.1/STM32CubeIDE/plugins/com.st.stm32cube.ide.mcu.externaltools.gnu-tools-for-stm32.11.3.rel1.win32_1.1.100.202309141235/tools/bin/../lib/gcc/arm-none-eabi/11.3.1/thumb/v7-m/nofp/crtend.o
LOAD C:/ST/STM32CubeIDE_1.14.1/STM32CubeIDE/plugins/com.st.stm32cube.ide.mcu.externaltools.gnu-tools-for-stm32.11.3.rel1.win32_1.1.100.202309141235/tools/bin/../lib/gcc/arm-none-eabi/11.3.1/thumb/v7-m/nofp/crtn.o
                0x0000000020014000                _estack = (ORIGIN (RAM) + LENGTH (RAM))
                0x0000000000000200                _Min_Heap_Size = 0x200
                0x0000000000000400                _Min_Stack_Size = 0x400

.isr_vector     0x0000000008000000      0x13c
                0x0000000008000000                . = ALIGN (0x4)
 *(.isr_vector)
 .isr_vector    0x0000000008000000      0x13c ./Core/Startup/startup_stm32l152retx.o
                0x0000000008000000                g_pfnVectors
                0x000000000800013c                . = ALIGN (0x4)

.text           0x0000000008000140     0x73f0
                0x0000000008000140                . = ALIGN (0x4)
 *(.text)
 .text          0x0000000008000140       0x40 C:/ST/STM32CubeIDE_1.14.1/STM32CubeIDE/plugins/com.st.stm32cube.ide.mcu.externaltools.gnu-tools-for-stm32.11.3.rel1.win32_1.1.100.202309141235/tools/bin/../lib/gcc/arm-none-eabi/11.3.1/thumb/v7-m/nofp/crtbegin.o
 .text          0x0000000008000180      0x378 C:/ST/STM32CubeIDE_1.14.1/STM32CubeIDE/plugins/com.st.stm32cube.ide.mcu.externaltools.gnu-tools-for-stm32.11.3.rel1.win32_1.1.100.202309141235/tools/bin/../lib/gcc/arm-none-eabi/11.3.1/thumb/v7-m/nofp\libgcc.a(_arm_addsubdf3.o)
                0x0000000008000180                __aeabi_drsub
                0x0000000008000188                __aeabi_dsub
                0x0000000008000188                __subdf3
                0x000000000800018c                __aeabi_dadd
                0x000000000800018c                __adddf3
                0x0000000008000404                __floatunsidf
                0x0000000008000404                __aeabi_ui2d
                0x0000000008000424                __floatsidf
                0x0000000008000424                __aeabi_i2d
                0x0000000008000448                __aeabi_f2d
                0x0000000008000448                __extendsfdf2
                0x000000000800048c                __floatundidf
                0x000000000800048c                __aeabi_ul2d
                0x000000000800049c                __floatdidf
                0x000000000800049c                __aeabi_l2d
 .text          0x00000000080004f8      0x424 C:/ST/STM32CubeIDE_1.14.1/STM32CubeIDE/plugins/com.st.stm32cube.ide.mcu.externaltools.gnu-tools-for-stm32.11.3.rel1.win32_1.1.100.202309141235/tools/bin/../lib/gcc/arm-none-eabi/11.3.1/thumb/v7-m/nofp\libgcc.a(_arm_muldivdf3.o)
                0x00000000080004f8                __aeabi_dmul
                0x00000000080004f8                __muldf3
                0x000000000800074c                __divdf3
                0x000000000800074c                __aeabi_ddiv
 .text          0x000000000800091c       0x50 C:/ST/STM32CubeIDE_1.14.1/STM32CubeIDE/plugins/com.st.stm32cube.ide.mcu.externaltools.gnu-tools-for-stm32.11.3.rel1.win32_1.1.100.202309141235/tools/bin/../lib/gcc/arm-none-eabi/11.3.1/thumb/v7-m/nofp\libgcc.a(_arm_fixdfsi.o)
                0x000000000800091c                __aeabi_d2iz
                0x000000000800091c                __fixdfsi
 .text          0x000000000800096c       0xa0 C:/ST/STM32CubeIDE_1.14.1/STM32CubeIDE/plugins/com.st.stm32cube.ide.mcu.externaltools.gnu-tools-for-stm32.11.3.rel1.win32_1.1.100.202309141235/tools/bin/../lib/gcc/arm-none-eabi/11.3.1/thumb/v7-m/nofp\libgcc.a(_arm_truncdfsf2.o)
                0x000000000800096c                __truncdfsf2
                0x000000000800096c                __aeabi_d2f
 .text          0x0000000008000a0c      0x21c C:/ST/STM32CubeIDE_1.14.1/STM32CubeIDE/plugins/com.st.stm32cube.ide.mcu.externaltools.gnu-tools-for-stm32.11.3.rel1.win32_1.1.100.202309141235/tools/bin/../lib/gcc/arm-none-eabi/11.3.1/thumb/v7-m/nofp\libgcc.a(_arm_addsubsf3.o)
                0x0000000008000a0c                __aeabi_frsub
                0x0000000008000a14                __subsf3
                0x0000000008000a14                __aeabi_fsub
                0x0000000008000a18                __aeabi_fadd
                0x0000000008000a18                __addsf3
                0x0000000008000b78                __aeabi_ui2f
                0x0000000008000b78                __floatunsisf
                0x0000000008000b80                __aeabi_i2f
                0x0000000008000b80                __floatsisf
                0x0000000008000b9c                __aeabi_ul2f
                0x0000000008000b9c                __floatundisf
                0x0000000008000bac                __aeabi_l2f
                0x0000000008000bac                __floatdisf
 .text          0x0000000008000c28       0x4c C:/ST/STM32CubeIDE_1.14.1/STM32CubeIDE/plugins/com.st.stm32cube.ide.mcu.externaltools.gnu-tools-for-stm32.11.3.rel1.win32_1.1.100.202309141235/tools/bin/../lib/gcc/arm-none-eabi/11.3.1/thumb/v7-m/nofp\libgcc.a(_arm_fixsfsi.o)
                0x0000000008000c28                __aeabi_f2iz
                0x0000000008000c28                __fixsfsi
 .text          0x0000000008000c74       0x30 C:/ST/STM32CubeIDE_1.14.1/STM32CubeIDE/plugins/com.st.stm32cube.ide.mcu.externaltools.gnu-tools-for-stm32.11.3.rel1.win32_1.1.100.202309141235/tools/bin/../lib/gcc/arm-none-eabi/11.3.1/thumb/v7-m/nofp\libgcc.a(_aeabi_uldivmod.o)
                0x0000000008000c74                __aeabi_uldivmod
 .text          0x0000000008000ca4      0x2cc C:/ST/STM32CubeIDE_1.14.1/STM32CubeIDE/plugins/com.st.stm32cube.ide.mcu.externaltools.gnu-tools-for-stm32.11.3.rel1.win32_1.1.100.202309141235/tools/bin/../lib/gcc/arm-none-eabi/11.3.1/thumb/v7-m/nofp\libgcc.a(_udivmoddi4.o)
                0x0000000008000ca4                __udivmoddi4
 .text          0x0000000008000f70        0x4 C:/ST/STM32CubeIDE_1.14.1/STM32CubeIDE/plugins/com.st.stm32cube.ide.mcu.externaltools.gnu-tools-for-stm32.11.3.rel1.win32_1.1.100.202309141235/tools/bin/../lib/gcc/arm-none-eabi/11.3.1/thumb/v7-m/nofp\libgcc.a(_dvmd_tls.o)
                0x0000000008000f70                __aeabi_idiv0
                0x0000000008000f70                __aeabi_ldiv0
 *(.text*)
 .text.init_alarm
                0x0000000008000f74        0xe ./Core/Src/alarm.o
                0x0000000008000f74                init_alarm
 *fill*         0x0000000008000f82        0x2 
 .text.alarm_temperature
                0x0000000008000f84       0x88 ./Core/Src/alarm.o
                0x0000000008000f84                alarm_temperature
 .text.task_alarm
                0x000000000800100c       0x10 ./Core/Src/alarm.o
                0x000000000800100c                task_alarm
 .text.init_distance_sensor
                0x000000000800101c       0x28 ./Core/Src/distance-sensor.o
                0x000000000800101c                init_distance_sensor
 *fill*         0x0000000008001044        0x4 
 .text.read_distance
                0x0000000008001048      0x10c ./Core/Src/distance-sensor.o
                0x0000000008001048                read_distance
 .text.task_periodic_measure_distance
                0x0000000008001154       0x48 ./Core/Src/distance-sensor.o
                0x0000000008001154                task_periodic_measure_distance
 .text.init_led
                0x000000000800119c       0x18 ./Core/Src/led.o
                0x000000000800119c                init_led
 .text.led_on   0x00000000080011b4       0x18 ./Core/Src/led.o
                0x00000000080011b4                led_on
 .text.led_off  0x00000000080011cc       0x18 ./Core/Src/led.o
                0x00000000080011cc                led_off
 .text.led_blink
                0x00000000080011e4       0x1e ./Core/Src/led.o
                0x00000000080011e4                led_blink
 *fill*         0x0000000008001202        0x2 
 .text.task_blink_led
                0x0000000008001204       0x34 ./Core/Src/led.o
                0x0000000008001204                task_blink_led
 .text.main     0x0000000008001238       0x94 ./Core/Src/main.o
                0x0000000008001238                main
 .text.SystemClock_Config
                0x00000000080012cc       0xa0 ./Core/Src/main.o
                0x00000000080012cc                SystemClock_Config
 .text.MX_ADC_Init
                0x000000000800136c       0xb0 ./Core/Src/main.o
 .text.MX_TIM2_Init
                0x000000000800141c       0x98 ./Core/Src/main.o
 .text.MX_TIM3_Init
                0x00000000080014b4       0xe8 ./Core/Src/main.o
 .text.MX_GPIO_Init
                0x000000000800159c       0x9c ./Core/Src/main.o
 .text.StartDefaultTask
                0x0000000008001638       0x10 ./Core/Src/main.o
                0x0000000008001638                StartDefaultTask
 .text.HAL_TIM_PeriodElapsedCallback
                0x0000000008001648       0x24 ./Core/Src/main.o
                0x0000000008001648                HAL_TIM_PeriodElapsedCallback
 .text.Error_Handler
                0x000000000800166c        0xa ./Core/Src/main.o
                0x000000000800166c                Error_Handler
 *fill*         0x0000000008001676        0x2 
 .text.HAL_MspInit
                0x0000000008001678       0x68 ./Core/Src/stm32l1xx_hal_msp.o
                0x0000000008001678                HAL_MspInit
 .text.HAL_ADC_MspInit
                0x00000000080016e0       0x90 ./Core/Src/stm32l1xx_hal_msp.o
                0x00000000080016e0                HAL_ADC_MspInit
 .text.HAL_TIM_Base_MspInit
                0x0000000008001770       0x70 ./Core/Src/stm32l1xx_hal_msp.o
                0x0000000008001770                HAL_TIM_Base_MspInit
 .text.HAL_TIM_MspPostInit
                0x00000000080017e0       0x70 ./Core/Src/stm32l1xx_hal_msp.o
                0x00000000080017e0                HAL_TIM_MspPostInit
 .text.HAL_InitTick
                0x0000000008001850       0xf4 ./Core/Src/stm32l1xx_hal_timebase_tim.o
                0x0000000008001850                HAL_InitTick
 .text.NMI_Handler
                0x0000000008001944        0x6 ./Core/Src/stm32l1xx_it.o
                0x0000000008001944                NMI_Handler
 .text.HardFault_Handler
                0x000000000800194a        0x6 ./Core/Src/stm32l1xx_it.o
                0x000000000800194a                HardFault_Handler
 .text.MemManage_Handler
                0x0000000008001950        0x6 ./Core/Src/stm32l1xx_it.o
                0x0000000008001950                MemManage_Handler
 .text.BusFault_Handler
                0x0000000008001956        0x6 ./Core/Src/stm32l1xx_it.o
                0x0000000008001956                BusFault_Handler
 .text.UsageFault_Handler
                0x000000000800195c        0x6 ./Core/Src/stm32l1xx_it.o
                0x000000000800195c                UsageFault_Handler
 .text.DebugMon_Handler
                0x0000000008001962        0xc ./Core/Src/stm32l1xx_it.o
                0x0000000008001962                DebugMon_Handler
 *fill*         0x000000000800196e        0x2 
 .text.ADC1_IRQHandler
                0x0000000008001970       0x14 ./Core/Src/stm32l1xx_it.o
                0x0000000008001970                ADC1_IRQHandler
 .text.TIM2_IRQHandler
                0x0000000008001984       0x14 ./Core/Src/stm32l1xx_it.o
                0x0000000008001984                TIM2_IRQHandler
 .text.TIM6_IRQHandler
                0x0000000008001998       0x14 ./Core/Src/stm32l1xx_it.o
                0x0000000008001998                TIM6_IRQHandler
 .text.SystemInit
                0x00000000080019ac        0xc ./Core/Src/system_stm32l1xx.o
                0x00000000080019ac                SystemInit
 .text.create_tasks
                0x00000000080019b8       0x26 ./Core/Src/task-manager.o
                0x00000000080019b8                create_tasks
 *fill*         0x00000000080019de        0x2 
 .text.create_read_distance_task
                0x00000000080019e0       0x2c ./Core/Src/task-manager.o
                0x00000000080019e0                create_read_distance_task
 .text.create_measure_temperature_task
                0x0000000008001a0c       0x2c ./Core/Src/task-manager.o
                0x0000000008001a0c                create_measure_temperature_task
 .text.create_alarm_task
                0x0000000008001a38       0x28 ./Core/Src/task-manager.o
                0x0000000008001a38                create_alarm_task
 .text.create_led_operate
                0x0000000008001a60       0x28 ./Core/Src/task-manager.o
                0x0000000008001a60                create_led_operate
 .text.init_temperature_sensor
                0x0000000008001a88       0x18 ./Core/Src/temperature-sensor.o
                0x0000000008001a88                init_temperature_sensor
 .text.read_temperature
                0x0000000008001aa0       0x70 ./Core/Src/temperature-sensor.o
                0x0000000008001aa0                read_temperature
 .text.task_measure_temperature
                0x0000000008001b10       0x44 ./Core/Src/temperature-sensor.o
                0x0000000008001b10                task_measure_temperature
 .text.Reset_Handler
                0x0000000008001b54       0x48 ./Core/Startup/startup_stm32l152retx.o
                0x0000000008001b54                Reset_Handler
 .text.Default_Handler
                0x0000000008001b9c        0x2 ./Core/Startup/startup_stm32l152retx.o
                0x0000000008001b9c                RTC_Alarm_IRQHandler
                0x0000000008001b9c                EXTI2_IRQHandler
                0x0000000008001b9c                COMP_ACQ_IRQHandler
                0x0000000008001b9c                TIM10_IRQHandler
                0x0000000008001b9c                USB_HP_IRQHandler
                0x0000000008001b9c                PVD_IRQHandler
                0x0000000008001b9c                EXTI3_IRQHandler
                0x0000000008001b9c                EXTI0_IRQHandler
                0x0000000008001b9c                I2C2_EV_IRQHandler
                0x0000000008001b9c                SPI1_IRQHandler
                0x0000000008001b9c                USB_FS_WKUP_IRQHandler
                0x0000000008001b9c                DMA2_Channel2_IRQHandler
                0x0000000008001b9c                DMA1_Channel4_IRQHandler
                0x0000000008001b9c                USART3_IRQHandler
                0x0000000008001b9c                DMA1_Channel7_IRQHandler
                0x0000000008001b9c                LCD_IRQHandler
                0x0000000008001b9c                UART5_IRQHandler
                0x0000000008001b9c                TIM4_IRQHandler
                0x0000000008001b9c                DMA2_Channel1_IRQHandler
                0x0000000008001b9c                I2C1_EV_IRQHandler
                0x0000000008001b9c                DMA1_Channel6_IRQHandler
                0x0000000008001b9c                UART4_IRQHandler
                0x0000000008001b9c                DMA2_Channel4_IRQHandler
                0x0000000008001b9c                TIM3_IRQHandler
                0x0000000008001b9c                RCC_IRQHandler
                0x0000000008001b9c                DMA1_Channel1_IRQHandler
                0x0000000008001b9c                Default_Handler
                0x0000000008001b9c                EXTI15_10_IRQHandler
                0x0000000008001b9c                TIM7_IRQHandler
                0x0000000008001b9c                TIM5_IRQHandler
                0x0000000008001b9c                EXTI9_5_IRQHandler
                0x0000000008001b9c                TIM9_IRQHandler
                0x0000000008001b9c                TAMPER_STAMP_IRQHandler
                0x0000000008001b9c                RTC_WKUP_IRQHandler
                0x0000000008001b9c                SPI2_IRQHandler
                0x0000000008001b9c                DMA2_Channel5_IRQHandler
                0x0000000008001b9c                DMA1_Channel5_IRQHandler
                0x0000000008001b9c                USB_LP_IRQHandler
                0x0000000008001b9c                EXTI4_IRQHandler
                0x0000000008001b9c                DMA1_Channel3_IRQHandler
                0x0000000008001b9c                COMP_IRQHandler
                0x0000000008001b9c                WWDG_IRQHandler
                0x0000000008001b9c                DAC_IRQHandler
                0x0000000008001b9c                EXTI1_IRQHandler
                0x0000000008001b9c                TIM11_IRQHandler
                0x0000000008001b9c                USART2_IRQHandler
                0x0000000008001b9c                I2C2_ER_IRQHandler
                0x0000000008001b9c                DMA1_Channel2_IRQHandler
                0x0000000008001b9c                FLASH_IRQHandler
                0x0000000008001b9c                USART1_IRQHandler
                0x0000000008001b9c                SPI3_IRQHandler
                0x0000000008001b9c                I2C1_ER_IRQHandler
                0x0000000008001b9c                DMA2_Channel3_IRQHandler
 .text.HAL_Init
                0x0000000008001b9e       0x30 ./Drivers/STM32L1xx_HAL_Driver/Src/stm32l1xx_hal.o
                0x0000000008001b9e                HAL_Init
 *fill*         0x0000000008001bce        0x2 
 .text.HAL_IncTick
                0x0000000008001bd0       0x24 ./Drivers/STM32L1xx_HAL_Driver/Src/stm32l1xx_hal.o
                0x0000000008001bd0                HAL_IncTick
 .text.HAL_GetTick
                0x0000000008001bf4       0x14 ./Drivers/STM32L1xx_HAL_Driver/Src/stm32l1xx_hal.o
                0x0000000008001bf4                HAL_GetTick
 .text.HAL_Delay
                0x0000000008001c08       0x44 ./Drivers/STM32L1xx_HAL_Driver/Src/stm32l1xx_hal.o
                0x0000000008001c08                HAL_Delay
 .text.HAL_ADC_Init
                0x0000000008001c4c      0x28c ./Drivers/STM32L1xx_HAL_Driver/Src/stm32l1xx_hal_adc.o
                0x0000000008001c4c                HAL_ADC_Init
 .text.HAL_ADC_Start
                0x0000000008001ed8       0xc0 ./Drivers/STM32L1xx_HAL_Driver/Src/stm32l1xx_hal_adc.o
                0x0000000008001ed8                HAL_ADC_Start
 .text.HAL_ADC_PollForConversion
                0x0000000008001f98      0x120 ./Drivers/STM32L1xx_HAL_Driver/Src/stm32l1xx_hal_adc.o
                0x0000000008001f98                HAL_ADC_PollForConversion
 .text.HAL_ADC_GetValue
                0x00000000080020b8       0x18 ./Drivers/STM32L1xx_HAL_Driver/Src/stm32l1xx_hal_adc.o
                0x00000000080020b8                HAL_ADC_GetValue
 .text.HAL_ADC_IRQHandler
                0x00000000080020d0      0x1ee ./Drivers/STM32L1xx_HAL_Driver/Src/stm32l1xx_hal_adc.o
                0x00000000080020d0                HAL_ADC_IRQHandler
 .text.HAL_ADC_ConvCpltCallback
                0x00000000080022be       0x12 ./Drivers/STM32L1xx_HAL_Driver/Src/stm32l1xx_hal_adc.o
                0x00000000080022be                HAL_ADC_ConvCpltCallback
 .text.HAL_ADC_LevelOutOfWindowCallback
                0x00000000080022d0       0x12 ./Drivers/STM32L1xx_HAL_Driver/Src/stm32l1xx_hal_adc.o
                0x00000000080022d0                HAL_ADC_LevelOutOfWindowCallback
 .text.HAL_ADC_ErrorCallback
                0x00000000080022e2       0x12 ./Drivers/STM32L1xx_HAL_Driver/Src/stm32l1xx_hal_adc.o
                0x00000000080022e2                HAL_ADC_ErrorCallback
 .text.HAL_ADC_ConfigChannel
                0x00000000080022f4      0x2d8 ./Drivers/STM32L1xx_HAL_Driver/Src/stm32l1xx_hal_adc.o
                0x00000000080022f4                HAL_ADC_ConfigChannel
 .text.ADC_Enable
                0x00000000080025cc       0xb8 ./Drivers/STM32L1xx_HAL_Driver/Src/stm32l1xx_hal_adc.o
                0x00000000080025cc                ADC_Enable
 .text.HAL_ADCEx_InjectedConvCpltCallback
                0x0000000008002684       0x12 ./Drivers/STM32L1xx_HAL_Driver/Src/stm32l1xx_hal_adc_ex.o
                0x0000000008002684                HAL_ADCEx_InjectedConvCpltCallback
 *fill*         0x0000000008002696        0x2 
 .text.__NVIC_SetPriorityGrouping
                0x0000000008002698       0x48 ./Drivers/STM32L1xx_HAL_Driver/Src/stm32l1xx_hal_cortex.o
 .text.__NVIC_GetPriorityGrouping
                0x00000000080026e0       0x1c ./Drivers/STM32L1xx_HAL_Driver/Src/stm32l1xx_hal_cortex.o
 .text.__NVIC_EnableIRQ
                0x00000000080026fc       0x38 ./Drivers/STM32L1xx_HAL_Driver/Src/stm32l1xx_hal_cortex.o
 .text.__NVIC_SetPriority
                0x0000000008002734       0x54 ./Drivers/STM32L1xx_HAL_Driver/Src/stm32l1xx_hal_cortex.o
 .text.NVIC_EncodePriority
                0x0000000008002788       0x64 ./Drivers/STM32L1xx_HAL_Driver/Src/stm32l1xx_hal_cortex.o
 .text.HAL_NVIC_SetPriorityGrouping
                0x00000000080027ec       0x16 ./Drivers/STM32L1xx_HAL_Driver/Src/stm32l1xx_hal_cortex.o
                0x00000000080027ec                HAL_NVIC_SetPriorityGrouping
 .text.HAL_NVIC_SetPriority
                0x0000000008002802       0x38 ./Drivers/STM32L1xx_HAL_Driver/Src/stm32l1xx_hal_cortex.o
                0x0000000008002802                HAL_NVIC_SetPriority
 .text.HAL_NVIC_EnableIRQ
                0x000000000800283a       0x1c ./Drivers/STM32L1xx_HAL_Driver/Src/stm32l1xx_hal_cortex.o
                0x000000000800283a                HAL_NVIC_EnableIRQ
 *fill*         0x0000000008002856        0x2 
 .text.HAL_GPIO_Init
                0x0000000008002858      0x320 ./Drivers/STM32L1xx_HAL_Driver/Src/stm32l1xx_hal_gpio.o
                0x0000000008002858                HAL_GPIO_Init
 .text.HAL_GPIO_ReadPin
                0x0000000008002b78       0x2e ./Drivers/STM32L1xx_HAL_Driver/Src/stm32l1xx_hal_gpio.o
                0x0000000008002b78                HAL_GPIO_ReadPin
 .text.HAL_GPIO_WritePin
                0x0000000008002ba6       0x30 ./Drivers/STM32L1xx_HAL_Driver/Src/stm32l1xx_hal_gpio.o
                0x0000000008002ba6                HAL_GPIO_WritePin
 *fill*         0x0000000008002bd6        0x2 
 .text.HAL_RCC_OscConfig
                0x0000000008002bd8      0x660 ./Drivers/STM32L1xx_HAL_Driver/Src/stm32l1xx_hal_rcc.o
                0x0000000008002bd8                HAL_RCC_OscConfig
 .text.HAL_RCC_ClockConfig
                0x0000000008003238      0x268 ./Drivers/STM32L1xx_HAL_Driver/Src/stm32l1xx_hal_rcc.o
                0x0000000008003238                HAL_RCC_ClockConfig
 .text.HAL_RCC_GetSysClockFreq
                0x00000000080034a0      0x200 ./Drivers/STM32L1xx_HAL_Driver/Src/stm32l1xx_hal_rcc.o
                0x00000000080034a0                HAL_RCC_GetSysClockFreq
 .text.HAL_RCC_GetHCLKFreq
                0x00000000080036a0       0x14 ./Drivers/STM32L1xx_HAL_Driver/Src/stm32l1xx_hal_rcc.o
                0x00000000080036a0                HAL_RCC_GetHCLKFreq
 .text.HAL_RCC_GetPCLK1Freq
                0x00000000080036b4       0x28 ./Drivers/STM32L1xx_HAL_Driver/Src/stm32l1xx_hal_rcc.o
                0x00000000080036b4                HAL_RCC_GetPCLK1Freq
 .text.HAL_RCC_GetClockConfig
                0x00000000080036dc       0x60 ./Drivers/STM32L1xx_HAL_Driver/Src/stm32l1xx_hal_rcc.o
                0x00000000080036dc                HAL_RCC_GetClockConfig
 .text.RCC_SetFlashLatencyFromMSIRange
                0x000000000800373c       0xc0 ./Drivers/STM32L1xx_HAL_Driver/Src/stm32l1xx_hal_rcc.o
 .text.HAL_TIM_Base_Init
                0x00000000080037fc       0x7e ./Drivers/STM32L1xx_HAL_Driver/Src/stm32l1xx_hal_tim.o
                0x00000000080037fc                HAL_TIM_Base_Init
 *fill*         0x000000000800387a        0x2 
 .text.HAL_TIM_Base_Start
                0x000000000800387c       0x94 ./Drivers/STM32L1xx_HAL_Driver/Src/stm32l1xx_hal_tim.o
                0x000000000800387c                HAL_TIM_Base_Start
 .text.HAL_TIM_Base_Start_IT
                0x0000000008003910       0xa4 ./Drivers/STM32L1xx_HAL_Driver/Src/stm32l1xx_hal_tim.o
                0x0000000008003910                HAL_TIM_Base_Start_IT
 .text.HAL_TIM_PWM_Init
                0x00000000080039b4       0x7e ./Drivers/STM32L1xx_HAL_Driver/Src/stm32l1xx_hal_tim.o
                0x00000000080039b4                HAL_TIM_PWM_Init
 .text.HAL_TIM_PWM_MspInit
                0x0000000008003a32       0x12 ./Drivers/STM32L1xx_HAL_Driver/Src/stm32l1xx_hal_tim.o
                0x0000000008003a32                HAL_TIM_PWM_MspInit
 .text.HAL_TIM_IRQHandler
                0x0000000008003a44      0x1b8 ./Drivers/STM32L1xx_HAL_Driver/Src/stm32l1xx_hal_tim.o
                0x0000000008003a44                HAL_TIM_IRQHandler
 .text.HAL_TIM_PWM_ConfigChannel
                0x0000000008003bfc      0x184 ./Drivers/STM32L1xx_HAL_Driver/Src/stm32l1xx_hal_tim.o
                0x0000000008003bfc                HAL_TIM_PWM_ConfigChannel
 .text.HAL_TIM_ConfigClockSource
                0x0000000008003d80      0x18e ./Drivers/STM32L1xx_HAL_Driver/Src/stm32l1xx_hal_tim.o
                0x0000000008003d80                HAL_TIM_ConfigClockSource
 .text.HAL_TIM_OC_DelayElapsedCallback
                0x0000000008003f0e       0x12 ./Drivers/STM32L1xx_HAL_Driver/Src/stm32l1xx_hal_tim.o
                0x0000000008003f0e                HAL_TIM_OC_DelayElapsedCallback
 .text.HAL_TIM_IC_CaptureCallback
                0x0000000008003f20       0x12 ./Drivers/STM32L1xx_HAL_Driver/Src/stm32l1xx_hal_tim.o
                0x0000000008003f20                HAL_TIM_IC_CaptureCallback
 .text.HAL_TIM_PWM_PulseFinishedCallback
                0x0000000008003f32       0x12 ./Drivers/STM32L1xx_HAL_Driver/Src/stm32l1xx_hal_tim.o
                0x0000000008003f32                HAL_TIM_PWM_PulseFinishedCallback
 .text.HAL_TIM_TriggerCallback
                0x0000000008003f44       0x12 ./Drivers/STM32L1xx_HAL_Driver/Src/stm32l1xx_hal_tim.o
                0x0000000008003f44                HAL_TIM_TriggerCallback
 *fill*         0x0000000008003f56        0x2 
 .text.TIM_Base_SetConfig
                0x0000000008003f58       0xe0 ./Drivers/STM32L1xx_HAL_Driver/Src/stm32l1xx_hal_tim.o
 .text.TIM_OC1_SetConfig
                0x0000000008004038       0x78 ./Drivers/STM32L1xx_HAL_Driver/Src/stm32l1xx_hal_tim.o
 .text.TIM_OC2_SetConfig
                0x00000000080040b0       0x7c ./Drivers/STM32L1xx_HAL_Driver/Src/stm32l1xx_hal_tim.o
 .text.TIM_OC3_SetConfig
                0x000000000800412c       0x7a ./Drivers/STM32L1xx_HAL_Driver/Src/stm32l1xx_hal_tim.o
 .text.TIM_OC4_SetConfig
                0x00000000080041a6       0x7c ./Drivers/STM32L1xx_HAL_Driver/Src/stm32l1xx_hal_tim.o
 .text.TIM_TI1_ConfigInputStage
                0x0000000008004222       0x5c ./Drivers/STM32L1xx_HAL_Driver/Src/stm32l1xx_hal_tim.o
 .text.TIM_TI2_ConfigInputStage
                0x000000000800427e       0x5e ./Drivers/STM32L1xx_HAL_Driver/Src/stm32l1xx_hal_tim.o
 .text.TIM_ITRx_SetConfig
                0x00000000080042dc       0x34 ./Drivers/STM32L1xx_HAL_Driver/Src/stm32l1xx_hal_tim.o
 .text.TIM_ETR_SetConfig
                0x0000000008004310       0x3e ./Drivers/STM32L1xx_HAL_Driver/Src/stm32l1xx_hal_tim.o
 *fill*         0x000000000800434e        0x2 
 .text.HAL_TIMEx_MasterConfigSynchronization
                0x0000000008004350       0xbc ./Drivers/STM32L1xx_HAL_Driver/Src/stm32l1xx_hal_tim_ex.o
                0x0000000008004350                HAL_TIMEx_MasterConfigSynchronization
 .text.osKernelInitialize
                0x000000000800440c       0x64 ./Middlewares/Third_Party/FreeRTOS/Source/CMSIS_RTOS_V2/cmsis_os2.o
                0x000000000800440c                osKernelInitialize
 .text.osKernelStart
                0x0000000008004470       0x68 ./Middlewares/Third_Party/FreeRTOS/Source/CMSIS_RTOS_V2/cmsis_os2.o
                0x0000000008004470                osKernelStart
 .text.osThreadNew
                0x00000000080044d8      0x154 ./Middlewares/Third_Party/FreeRTOS/Source/CMSIS_RTOS_V2/cmsis_os2.o
                0x00000000080044d8                osThreadNew
 .text.osDelay  0x000000000800462c       0x5c ./Middlewares/Third_Party/FreeRTOS/Source/CMSIS_RTOS_V2/cmsis_os2.o
                0x000000000800462c                osDelay
 .text.vApplicationGetIdleTaskMemory
                0x0000000008004688       0x30 ./Middlewares/Third_Party/FreeRTOS/Source/CMSIS_RTOS_V2/cmsis_os2.o
                0x0000000008004688                vApplicationGetIdleTaskMemory
 .text.vApplicationGetTimerTaskMemory
                0x00000000080046b8       0x34 ./Middlewares/Third_Party/FreeRTOS/Source/CMSIS_RTOS_V2/cmsis_os2.o
                0x00000000080046b8                vApplicationGetTimerTaskMemory
 .text.vListInitialise
                0x00000000080046ec       0x3e ./Middlewares/Third_Party/FreeRTOS/Source/list.o
                0x00000000080046ec                vListInitialise
 .text.vListInitialiseItem
                0x000000000800472a       0x18 ./Middlewares/Third_Party/FreeRTOS/Source/list.o
                0x000000000800472a                vListInitialiseItem
 .text.vListInsertEnd
                0x0000000008004742       0x46 ./Middlewares/Third_Party/FreeRTOS/Source/list.o
                0x0000000008004742                vListInsertEnd
 .text.vListInsert
                0x0000000008004788       0x70 ./Middlewares/Third_Party/FreeRTOS/Source/list.o
                0x0000000008004788                vListInsert
 .text.uxListRemove
                0x00000000080047f8       0x52 ./Middlewares/Third_Party/FreeRTOS/Source/list.o
                0x00000000080047f8                uxListRemove
 *fill*         0x000000000800484a        0x2 
 .text.xQueueGenericReset
                0x000000000800484c       0xd0 ./Middlewares/Third_Party/FreeRTOS/Source/queue.o
                0x000000000800484c                xQueueGenericReset
 .text.xQueueGenericCreateStatic
                0x000000000800491c       0xee ./Middlewares/Third_Party/FreeRTOS/Source/queue.o
                0x000000000800491c                xQueueGenericCreateStatic
 .text.xQueueGenericCreate
                0x0000000008004a0a       0x7c ./Middlewares/Third_Party/FreeRTOS/Source/queue.o
                0x0000000008004a0a                xQueueGenericCreate
 .text.prvInitialiseNewQueue
                0x0000000008004a86       0x46 ./Middlewares/Third_Party/FreeRTOS/Source/queue.o
 .text.prvInitialiseMutex
                0x0000000008004acc       0x34 ./Middlewares/Third_Party/FreeRTOS/Source/queue.o
 .text.xQueueCreateMutex
                0x0000000008004b00       0x30 ./Middlewares/Third_Party/FreeRTOS/Source/queue.o
                0x0000000008004b00                xQueueCreateMutex
 .text.xQueueGenericSend
                0x0000000008004b30      0x1fc ./Middlewares/Third_Party/FreeRTOS/Source/queue.o
                0x0000000008004b30                xQueueGenericSend
 .text.xQueueGenericSendFromISR
                0x0000000008004d2c      0x130 ./Middlewares/Third_Party/FreeRTOS/Source/queue.o
                0x0000000008004d2c                xQueueGenericSendFromISR
 .text.xQueueReceive
                0x0000000008004e5c      0x1c0 ./Middlewares/Third_Party/FreeRTOS/Source/queue.o
                0x0000000008004e5c                xQueueReceive
 .text.xQueueSemaphoreTake
                0x000000000800501c      0x218 ./Middlewares/Third_Party/FreeRTOS/Source/queue.o
                0x000000000800501c                xQueueSemaphoreTake
 .text.prvGetDisinheritPriorityAfterTimeout
                0x0000000008005234       0x2e ./Middlewares/Third_Party/FreeRTOS/Source/queue.o
 .text.prvCopyDataToQueue
                0x0000000008005262       0xd4 ./Middlewares/Third_Party/FreeRTOS/Source/queue.o
 .text.prvCopyDataFromQueue
                0x0000000008005336       0x4c ./Middlewares/Third_Party/FreeRTOS/Source/queue.o
 .text.prvUnlockQueue
                0x0000000008005382       0xa4 ./Middlewares/Third_Party/FreeRTOS/Source/queue.o
 .text.prvIsQueueEmpty
                0x0000000008005426       0x2c ./Middlewares/Third_Party/FreeRTOS/Source/queue.o
 .text.prvIsQueueFull
                0x0000000008005452       0x30 ./Middlewares/Third_Party/FreeRTOS/Source/queue.o
 *fill*         0x0000000008005482        0x2 
 .text.vQueueAddToRegistry
                0x0000000008005484       0x50 ./Middlewares/Third_Party/FreeRTOS/Source/queue.o
                0x0000000008005484                vQueueAddToRegistry
 .text.vQueueWaitForMessageRestricted
                0x00000000080054d4       0x68 ./Middlewares/Third_Party/FreeRTOS/Source/queue.o
                0x00000000080054d4                vQueueWaitForMessageRestricted
 .text.xTaskCreateStatic
                0x000000000800553c       0xb8 ./Middlewares/Third_Party/FreeRTOS/Source/tasks.o
                0x000000000800553c                xTaskCreateStatic
 .text.xTaskCreate
                0x00000000080055f4       0x8a ./Middlewares/Third_Party/FreeRTOS/Source/tasks.o
                0x00000000080055f4                xTaskCreate
 *fill*         0x000000000800567e        0x2 
 .text.prvInitialiseNewTask
                0x0000000008005680      0x13c ./Middlewares/Third_Party/FreeRTOS/Source/tasks.o
 .text.prvAddNewTaskToReadyList
                0x00000000080057bc       0xe0 ./Middlewares/Third_Party/FreeRTOS/Source/tasks.o
 .text.vTaskDelay
                0x000000000800589c       0x68 ./Middlewares/Third_Party/FreeRTOS/Source/tasks.o
                0x000000000800589c                vTaskDelay
 .text.vTaskStartScheduler
                0x0000000008005904       0xe0 ./Middlewares/Third_Party/FreeRTOS/Source/tasks.o
                0x0000000008005904                vTaskStartScheduler
 .text.vTaskSuspendAll
                0x00000000080059e4       0x1c ./Middlewares/Third_Party/FreeRTOS/Source/tasks.o
                0x00000000080059e4                vTaskSuspendAll
 .text.xTaskResumeAll
                0x0000000008005a00      0x13c ./Middlewares/Third_Party/FreeRTOS/Source/tasks.o
                0x0000000008005a00                xTaskResumeAll
 .text.xTaskGetTickCount
                0x0000000008005b3c       0x1c ./Middlewares/Third_Party/FreeRTOS/Source/tasks.o
                0x0000000008005b3c                xTaskGetTickCount
 .text.xTaskIncrementTick
                0x0000000008005b58      0x17c ./Middlewares/Third_Party/FreeRTOS/Source/tasks.o
                0x0000000008005b58                xTaskIncrementTick
 .text.vTaskSwitchContext
                0x0000000008005cd4       0xc8 ./Middlewares/Third_Party/FreeRTOS/Source/tasks.o
                0x0000000008005cd4                vTaskSwitchContext
 .text.vTaskPlaceOnEventList
                0x0000000008005d9c       0x48 ./Middlewares/Third_Party/FreeRTOS/Source/tasks.o
                0x0000000008005d9c                vTaskPlaceOnEventList
 .text.vTaskPlaceOnEventListRestricted
                0x0000000008005de4       0x58 ./Middlewares/Third_Party/FreeRTOS/Source/tasks.o
                0x0000000008005de4                vTaskPlaceOnEventListRestricted
 .text.xTaskRemoveFromEventList
                0x0000000008005e3c       0xc8 ./Middlewares/Third_Party/FreeRTOS/Source/tasks.o
                0x0000000008005e3c                xTaskRemoveFromEventList
 .text.vTaskInternalSetTimeOutState
                0x0000000008005f04       0x2c ./Middlewares/Third_Party/FreeRTOS/Source/tasks.o
                0x0000000008005f04                vTaskInternalSetTimeOutState
 .text.xTaskCheckForTimeOut
                0x0000000008005f30       0xc4 ./Middlewares/Third_Party/FreeRTOS/Source/tasks.o
                0x0000000008005f30                xTaskCheckForTimeOut
 .text.vTaskMissedYield
                0x0000000008005ff4       0x18 ./Middlewares/Third_Party/FreeRTOS/Source/tasks.o
                0x0000000008005ff4                vTaskMissedYield
 .text.prvIdleTask
                0x000000000800600c       0x30 ./Middlewares/Third_Party/FreeRTOS/Source/tasks.o
 .text.prvInitialiseTaskLists
                0x000000000800603c       0x80 ./Middlewares/Third_Party/FreeRTOS/Source/tasks.o
 .text.prvCheckTasksWaitingTermination
                0x00000000080060bc       0x5c ./Middlewares/Third_Party/FreeRTOS/Source/tasks.o
 .text.prvDeleteTCB
                0x0000000008006118       0x68 ./Middlewares/Third_Party/FreeRTOS/Source/tasks.o
 .text.prvResetNextTaskUnblockTime
                0x0000000008006180       0x48 ./Middlewares/Third_Party/FreeRTOS/Source/tasks.o
 .text.xTaskGetSchedulerState
                0x00000000080061c8       0x3c ./Middlewares/Third_Party/FreeRTOS/Source/tasks.o
                0x00000000080061c8                xTaskGetSchedulerState
 .text.xTaskPriorityInherit
                0x0000000008006204       0xdc ./Middlewares/Third_Party/FreeRTOS/Source/tasks.o
                0x0000000008006204                xTaskPriorityInherit
 .text.xTaskPriorityDisinherit
                0x00000000080062e0       0xdc ./Middlewares/Third_Party/FreeRTOS/Source/tasks.o
                0x00000000080062e0                xTaskPriorityDisinherit
 .text.vTaskPriorityDisinheritAfterTimeout
                0x00000000080063bc      0x10c ./Middlewares/Third_Party/FreeRTOS/Source/tasks.o
                0x00000000080063bc                vTaskPriorityDisinheritAfterTimeout
 .text.pvTaskIncrementMutexHeldCount
                0x00000000080064c8       0x28 ./Middlewares/Third_Party/FreeRTOS/Source/tasks.o
                0x00000000080064c8                pvTaskIncrementMutexHeldCount
 .text.prvAddCurrentTaskToDelayedList
                0x00000000080064f0       0xa8 ./Middlewares/Third_Party/FreeRTOS/Source/tasks.o
 .text.xTimerCreateTimerTask
                0x0000000008006598       0x90 ./Middlewares/Third_Party/FreeRTOS/Source/timers.o
                0x0000000008006598                xTimerCreateTimerTask
 .text.xTimerGenericCommand
                0x0000000008006628       0x9c ./Middlewares/Third_Party/FreeRTOS/Source/timers.o
                0x0000000008006628                xTimerGenericCommand
 .text.prvProcessExpiredTimer
                0x00000000080066c4       0x80 ./Middlewares/Third_Party/FreeRTOS/Source/timers.o
 .text.prvTimerTask
                0x0000000008006744       0x24 ./Middlewares/Third_Party/FreeRTOS/Source/timers.o
 .text.prvProcessTimerOrBlockTask
                0x0000000008006768       0x9c ./Middlewares/Third_Party/FreeRTOS/Source/timers.o
 .text.prvGetNextExpireTime
                0x0000000008006804       0x48 ./Middlewares/Third_Party/FreeRTOS/Source/timers.o
 .text.prvSampleTimeNow
                0x000000000800684c       0x40 ./Middlewares/Third_Party/FreeRTOS/Source/timers.o
 .text.prvInsertTimerInActiveList
                0x000000000800688c       0x84 ./Middlewares/Third_Party/FreeRTOS/Source/timers.o
 .text.prvProcessReceivedCommands
                0x0000000008006910      0x168 ./Middlewares/Third_Party/FreeRTOS/Source/timers.o
 .text.prvSwitchTimerLists
                0x0000000008006a78       0xc4 ./Middlewares/Third_Party/FreeRTOS/Source/timers.o
 .text.prvCheckForValidListAndQueue
                0x0000000008006b3c       0x80 ./Middlewares/Third_Party/FreeRTOS/Source/timers.o
 .text.pxPortInitialiseStack
                0x0000000008006bbc       0x58 ./Middlewares/Third_Party/FreeRTOS/Source/portable/GCC/ARM_CM3/port.o
                0x0000000008006bbc                pxPortInitialiseStack
 .text.prvTaskExitError
                0x0000000008006c14       0x58 ./Middlewares/Third_Party/FreeRTOS/Source/portable/GCC/ARM_CM3/port.o
 *fill*         0x0000000008006c6c        0x4 
 .text.SVC_Handler
                0x0000000008006c70       0x28 ./Middlewares/Third_Party/FreeRTOS/Source/portable/GCC/ARM_CM3/port.o
                0x0000000008006c70                SVC_Handler
 .text.prvPortStartFirstTask
                0x0000000008006c98       0x20 ./Middlewares/Third_Party/FreeRTOS/Source/portable/GCC/ARM_CM3/port.o
 .text.xPortStartScheduler
                0x0000000008006cb8       0xe4 ./Middlewares/Third_Party/FreeRTOS/Source/portable/GCC/ARM_CM3/port.o
                0x0000000008006cb8                xPortStartScheduler
 .text.vPortEnterCritical
                0x0000000008006d9c       0x60 ./Middlewares/Third_Party/FreeRTOS/Source/portable/GCC/ARM_CM3/port.o
                0x0000000008006d9c                vPortEnterCritical
 .text.vPortExitCritical
                0x0000000008006dfc       0x50 ./Middlewares/Third_Party/FreeRTOS/Source/portable/GCC/ARM_CM3/port.o
                0x0000000008006dfc                vPortExitCritical
 *fill*         0x0000000008006e4c        0x4 
 .text.PendSV_Handler
                0x0000000008006e50       0x48 ./Middlewares/Third_Party/FreeRTOS/Source/portable/GCC/ARM_CM3/port.o
                0x0000000008006e50                PendSV_Handler
 .text.SysTick_Handler
                0x0000000008006e98       0x44 ./Middlewares/Third_Party/FreeRTOS/Source/portable/GCC/ARM_CM3/port.o
                0x0000000008006e98                SysTick_Handler
 .text.vPortSetupTimerInterrupt
                0x0000000008006edc       0x44 ./Middlewares/Third_Party/FreeRTOS/Source/portable/GCC/ARM_CM3/port.o
                0x0000000008006edc                vPortSetupTimerInterrupt
 .text.vPortValidateInterruptPriority
                0x0000000008006f20       0x7c ./Middlewares/Third_Party/FreeRTOS/Source/portable/GCC/ARM_CM3/port.o
                0x0000000008006f20                vPortValidateInterruptPriority
 .text.pvPortMalloc
                0x0000000008006f9c      0x188 ./Middlewares/Third_Party/FreeRTOS/Source/portable/MemMang/heap_4.o
                0x0000000008006f9c                pvPortMalloc
 .text.vPortFree
                0x0000000008007124       0xb4 ./Middlewares/Third_Party/FreeRTOS/Source/portable/MemMang/heap_4.o
                0x0000000008007124                vPortFree
 .text.prvHeapInit
                0x00000000080071d8       0xc4 ./Middlewares/Third_Party/FreeRTOS/Source/portable/MemMang/heap_4.o
 .text.prvInsertBlockIntoFreeList
                0x000000000800729c       0xb0 ./Middlewares/Third_Party/FreeRTOS/Source/portable/MemMang/heap_4.o
 .text.memset   0x000000000800734c       0x10 C:/ST/STM32CubeIDE_1.14.1/STM32CubeIDE/plugins/com.st.stm32cube.ide.mcu.externaltools.gnu-tools-for-stm32.11.3.rel1.win32_1.1.100.202309141235/tools/bin/../lib/gcc/arm-none-eabi/11.3.1/../../../../arm-none-eabi/lib/thumb/v7-m/nofp\libc_nano.a(libc_a-memset.o)
                0x000000000800734c                memset
 .text._reclaim_reent
                0x000000000800735c       0xac C:/ST/STM32CubeIDE_1.14.1/STM32CubeIDE/plugins/com.st.stm32cube.ide.mcu.externaltools.gnu-tools-for-stm32.11.3.rel1.win32_1.1.100.202309141235/tools/bin/../lib/gcc/arm-none-eabi/11.3.1/../../../../arm-none-eabi/lib/thumb/v7-m/nofp\libc_nano.a(libc_a-reent.o)
                0x000000000800735c                _reclaim_reent
 .text.__libc_init_array
                0x0000000008007408       0x48 C:/ST/STM32CubeIDE_1.14.1/STM32CubeIDE/plugins/com.st.stm32cube.ide.mcu.externaltools.gnu-tools-for-stm32.11.3.rel1.win32_1.1.100.202309141235/tools/bin/../lib/gcc/arm-none-eabi/11.3.1/../../../../arm-none-eabi/lib/thumb/v7-m/nofp\libc_nano.a(libc_a-init.o)
                0x0000000008007408                __libc_init_array
 .text.__retarget_lock_acquire_recursive
                0x0000000008007450        0x2 C:/ST/STM32CubeIDE_1.14.1/STM32CubeIDE/plugins/com.st.stm32cube.ide.mcu.externaltools.gnu-tools-for-stm32.11.3.rel1.win32_1.1.100.202309141235/tools/bin/../lib/gcc/arm-none-eabi/11.3.1/../../../../arm-none-eabi/lib/thumb/v7-m/nofp\libc_nano.a(libc_a-lock.o)
                0x0000000008007450                __retarget_lock_acquire_recursive
 .text.__retarget_lock_release_recursive
                0x0000000008007452        0x2 C:/ST/STM32CubeIDE_1.14.1/STM32CubeIDE/plugins/com.st.stm32cube.ide.mcu.externaltools.gnu-tools-for-stm32.11.3.rel1.win32_1.1.100.202309141235/tools/bin/../lib/gcc/arm-none-eabi/11.3.1/../../../../arm-none-eabi/lib/thumb/v7-m/nofp\libc_nano.a(libc_a-lock.o)
                0x0000000008007452                __retarget_lock_release_recursive
 .text.memcpy   0x0000000008007454       0x1c C:/ST/STM32CubeIDE_1.14.1/STM32CubeIDE/plugins/com.st.stm32cube.ide.mcu.externaltools.gnu-tools-for-stm32.11.3.rel1.win32_1.1.100.202309141235/tools/bin/../lib/gcc/arm-none-eabi/11.3.1/../../../../arm-none-eabi/lib/thumb/v7-m/nofp\libc_nano.a(libc_a-memcpy-stub.o)
                0x0000000008007454                memcpy
 .text._free_r  0x0000000008007470       0x90 C:/ST/STM32CubeIDE_1.14.1/STM32CubeIDE/plugins/com.st.stm32cube.ide.mcu.externaltools.gnu-tools-for-stm32.11.3.rel1.win32_1.1.100.202309141235/tools/bin/../lib/gcc/arm-none-eabi/11.3.1/../../../../arm-none-eabi/lib/thumb/v7-m/nofp\libc_nano.a(libc_a-freer.o)
                0x0000000008007470                _free_r
 .text.__malloc_lock
                0x0000000008007500        0xc C:/ST/STM32CubeIDE_1.14.1/STM32CubeIDE/plugins/com.st.stm32cube.ide.mcu.externaltools.gnu-tools-for-stm32.11.3.rel1.win32_1.1.100.202309141235/tools/bin/../lib/gcc/arm-none-eabi/11.3.1/../../../../arm-none-eabi/lib/thumb/v7-m/nofp\libc_nano.a(libc_a-mlock.o)
                0x0000000008007500                __malloc_lock
 .text.__malloc_unlock
                0x000000000800750c        0xc C:/ST/STM32CubeIDE_1.14.1/STM32CubeIDE/plugins/com.st.stm32cube.ide.mcu.externaltools.gnu-tools-for-stm32.11.3.rel1.win32_1.1.100.202309141235/tools/bin/../lib/gcc/arm-none-eabi/11.3.1/../../../../arm-none-eabi/lib/thumb/v7-m/nofp\libc_nano.a(libc_a-mlock.o)
                0x000000000800750c                __malloc_unlock
 *(.glue_7)
 .glue_7        0x0000000008007518        0x0 linker stubs
 *(.glue_7t)
 .glue_7t       0x0000000008007518        0x0 linker stubs
 *(.eh_frame)
 .eh_frame      0x0000000008007518        0x0 C:/ST/STM32CubeIDE_1.14.1/STM32CubeIDE/plugins/com.st.stm32cube.ide.mcu.externaltools.gnu-tools-for-stm32.11.3.rel1.win32_1.1.100.202309141235/tools/bin/../lib/gcc/arm-none-eabi/11.3.1/thumb/v7-m/nofp/crtbegin.o
 *(.init)
 .init          0x0000000008007518        0x4 C:/ST/STM32CubeIDE_1.14.1/STM32CubeIDE/plugins/com.st.stm32cube.ide.mcu.externaltools.gnu-tools-for-stm32.11.3.rel1.win32_1.1.100.202309141235/tools/bin/../lib/gcc/arm-none-eabi/11.3.1/thumb/v7-m/nofp/crti.o
                0x0000000008007518                _init
 .init          0x000000000800751c        0x8 C:/ST/STM32CubeIDE_1.14.1/STM32CubeIDE/plugins/com.st.stm32cube.ide.mcu.externaltools.gnu-tools-for-stm32.11.3.rel1.win32_1.1.100.202309141235/tools/bin/../lib/gcc/arm-none-eabi/11.3.1/thumb/v7-m/nofp/crtn.o
 *(.fini)
 .fini          0x0000000008007524        0x4 C:/ST/STM32CubeIDE_1.14.1/STM32CubeIDE/plugins/com.st.stm32cube.ide.mcu.externaltools.gnu-tools-for-stm32.11.3.rel1.win32_1.1.100.202309141235/tools/bin/../lib/gcc/arm-none-eabi/11.3.1/thumb/v7-m/nofp/crti.o
                0x0000000008007524                _fini
 .fini          0x0000000008007528        0x8 C:/ST/STM32CubeIDE_1.14.1/STM32CubeIDE/plugins/com.st.stm32cube.ide.mcu.externaltools.gnu-tools-for-stm32.11.3.rel1.win32_1.1.100.202309141235/tools/bin/../lib/gcc/arm-none-eabi/11.3.1/thumb/v7-m/nofp/crtn.o
                0x0000000008007530                . = ALIGN (0x4)
                0x0000000008007530                _etext = .

.vfp11_veneer   0x0000000008007530        0x0
 .vfp11_veneer  0x0000000008007530        0x0 linker stubs

.v4_bx          0x0000000008007530        0x0
 .v4_bx         0x0000000008007530        0x0 linker stubs

.iplt           0x0000000008007530        0x0
 .iplt          0x0000000008007530        0x0 C:/ST/STM32CubeIDE_1.14.1/STM32CubeIDE/plugins/com.st.stm32cube.ide.mcu.externaltools.gnu-tools-for-stm32.11.3.rel1.win32_1.1.100.202309141235/tools/bin/../lib/gcc/arm-none-eabi/11.3.1/thumb/v7-m/nofp/crtbegin.o

.rodata         0x0000000008007530       0xa0
                0x0000000008007530                . = ALIGN (0x4)
 *(.rodata)
 .rodata        0x0000000008007530        0xc ./Core/Src/main.o
 .rodata        0x000000000800753c       0x34 ./Core/Src/task-manager.o
 .rodata        0x0000000008007570        0x5 ./Middlewares/Third_Party/FreeRTOS/Source/tasks.o
 *fill*         0x0000000008007575        0x3 
 .rodata        0x0000000008007578        0xd ./Middlewares/Third_Party/FreeRTOS/Source/timers.o
 *(.rodata*)
 *fill*         0x0000000008007585        0x3 
 .rodata.defaultTask_attributes
                0x0000000008007588       0x24 ./Core/Src/main.o
                0x0000000008007588                defaultTask_attributes
 .rodata.PLLMulTable
                0x00000000080075ac        0x9 ./Core/Src/system_stm32l1xx.o
                0x00000000080075ac                PLLMulTable
 *fill*         0x00000000080075b5        0x3 
 .rodata.AHBPrescTable
                0x00000000080075b8       0x10 ./Core/Src/system_stm32l1xx.o
                0x00000000080075b8                AHBPrescTable
 .rodata.APBPrescTable
                0x00000000080075c8        0x8 ./Core/Src/system_stm32l1xx.o
                0x00000000080075c8                APBPrescTable
                0x00000000080075d0                . = ALIGN (0x4)

.ARM.extab      0x00000000080075d0        0x0
                0x00000000080075d0                . = ALIGN (0x4)
 *(.ARM.extab* .gnu.linkonce.armextab.*)
                0x00000000080075d0                . = ALIGN (0x4)

.ARM            0x00000000080075d0        0x8
                0x00000000080075d0                . = ALIGN (0x4)
                0x00000000080075d0                __exidx_start = .
 *(.ARM.exidx*)
 .ARM.exidx     0x00000000080075d0        0x8 C:/ST/STM32CubeIDE_1.14.1/STM32CubeIDE/plugins/com.st.stm32cube.ide.mcu.externaltools.gnu-tools-for-stm32.11.3.rel1.win32_1.1.100.202309141235/tools/bin/../lib/gcc/arm-none-eabi/11.3.1/thumb/v7-m/nofp\libgcc.a(_udivmoddi4.o)
                0x00000000080075d8                __exidx_end = .
                0x00000000080075d8                . = ALIGN (0x4)

.rel.dyn        0x00000000080075d8        0x0
 .rel.iplt      0x00000000080075d8        0x0 C:/ST/STM32CubeIDE_1.14.1/STM32CubeIDE/plugins/com.st.stm32cube.ide.mcu.externaltools.gnu-tools-for-stm32.11.3.rel1.win32_1.1.100.202309141235/tools/bin/../lib/gcc/arm-none-eabi/11.3.1/thumb/v7-m/nofp/crtbegin.o

.preinit_array  0x00000000080075d8        0x0
                0x00000000080075d8                . = ALIGN (0x4)
                0x00000000080075d8                PROVIDE (__preinit_array_start = .)
 *(.preinit_array*)
                0x00000000080075d8                PROVIDE (__preinit_array_end = .)
                0x00000000080075d8                . = ALIGN (0x4)

.init_array     0x00000000080075d8        0x4
                0x00000000080075d8                . = ALIGN (0x4)
                0x00000000080075d8                PROVIDE (__init_array_start = .)
 *(SORT_BY_NAME(.init_array.*))
 *(.init_array*)
 .init_array    0x00000000080075d8        0x4 C:/ST/STM32CubeIDE_1.14.1/STM32CubeIDE/plugins/com.st.stm32cube.ide.mcu.externaltools.gnu-tools-for-stm32.11.3.rel1.win32_1.1.100.202309141235/tools/bin/../lib/gcc/arm-none-eabi/11.3.1/thumb/v7-m/nofp/crtbegin.o
                0x00000000080075dc                PROVIDE (__init_array_end = .)
                0x00000000080075dc                . = ALIGN (0x4)

.fini_array     0x00000000080075dc        0x4
                0x00000000080075dc                . = ALIGN (0x4)
                [!provide]                        PROVIDE (__fini_array_start = .)
 *(SORT_BY_NAME(.fini_array.*))
 *(.fini_array*)
 .fini_array    0x00000000080075dc        0x4 C:/ST/STM32CubeIDE_1.14.1/STM32CubeIDE/plugins/com.st.stm32cube.ide.mcu.externaltools.gnu-tools-for-stm32.11.3.rel1.win32_1.1.100.202309141235/tools/bin/../lib/gcc/arm-none-eabi/11.3.1/thumb/v7-m/nofp/crtbegin.o
                [!provide]                        PROVIDE (__fini_array_end = .)
                0x00000000080075e0                . = ALIGN (0x4)
                0x00000000080075e0                _sidata = LOADADDR (.data)

.data           0x0000000020000000       0x60 load address 0x00000000080075e0
                0x0000000020000000                . = ALIGN (0x4)
                0x0000000020000000                _sdata = .
 *(.data)
 *(.data*)
 .data.SystemCoreClock
                0x0000000020000000        0x4 ./Core/Src/system_stm32l1xx.o
                0x0000000020000000                SystemCoreClock
 .data.uwTickPrio
                0x0000000020000004        0x4 ./Drivers/STM32L1xx_HAL_Driver/Src/stm32l1xx_hal.o
                0x0000000020000004                uwTickPrio
 .data.uwTickFreq
                0x0000000020000008        0x4 ./Drivers/STM32L1xx_HAL_Driver/Src/stm32l1xx_hal.o
                0x0000000020000008                uwTickFreq
 .data.uxCriticalNesting
                0x000000002000000c        0x4 ./Middlewares/Third_Party/FreeRTOS/Source/portable/GCC/ARM_CM3/port.o
 .data._impure_data
                0x0000000020000010       0x4c C:/ST/STM32CubeIDE_1.14.1/STM32CubeIDE/plugins/com.st.stm32cube.ide.mcu.externaltools.gnu-tools-for-stm32.11.3.rel1.win32_1.1.100.202309141235/tools/bin/../lib/gcc/arm-none-eabi/11.3.1/../../../../arm-none-eabi/lib/thumb/v7-m/nofp\libc_nano.a(libc_a-impure.o)
                0x0000000020000010                _impure_data
 .data._impure_ptr
                0x000000002000005c        0x4 C:/ST/STM32CubeIDE_1.14.1/STM32CubeIDE/plugins/com.st.stm32cube.ide.mcu.externaltools.gnu-tools-for-stm32.11.3.rel1.win32_1.1.100.202309141235/tools/bin/../lib/gcc/arm-none-eabi/11.3.1/../../../../arm-none-eabi/lib/thumb/v7-m/nofp\libc_nano.a(libc_a-impure.o)
                0x000000002000005c                _impure_ptr
 *(.RamFunc)
 *(.RamFunc*)
                0x0000000020000060                . = ALIGN (0x4)
                0x0000000020000060                _edata = .

.igot.plt       0x0000000020000060        0x0 load address 0x0000000008007640
 .igot.plt      0x0000000020000060        0x0 C:/ST/STM32CubeIDE_1.14.1/STM32CubeIDE/plugins/com.st.stm32cube.ide.mcu.externaltools.gnu-tools-for-stm32.11.3.rel1.win32_1.1.100.202309141235/tools/bin/../lib/gcc/arm-none-eabi/11.3.1/thumb/v7-m/nofp/crtbegin.o
                0x0000000020000060                . = ALIGN (0x4)

.bss            0x0000000020000060     0x1c9c load address 0x0000000008007640
                0x0000000020000060                _sbss = .
                0x0000000020000060                __bss_start__ = _sbss
 *(.bss)
 .bss           0x0000000020000060       0x1c C:/ST/STM32CubeIDE_1.14.1/STM32CubeIDE/plugins/com.st.stm32cube.ide.mcu.externaltools.gnu-tools-for-stm32.11.3.rel1.win32_1.1.100.202309141235/tools/bin/../lib/gcc/arm-none-eabi/11.3.1/thumb/v7-m/nofp/crtbegin.o
 *(.bss*)
 .bss.temperature
                0x000000002000007c        0x4 ./Core/Src/alarm.o
 .bss.temperature_t
                0x0000000020000080        0x1 ./Core/Src/alarm.o
 *fill*         0x0000000020000081        0x3 
 .bss.temperature_mutex
                0x0000000020000084        0x4 ./Core/Src/alarm.o
 .bss.temperature_t_mutex
                0x0000000020000088        0x4 ./Core/Src/alarm.o
 .bss.distance  0x000000002000008c        0x4 ./Core/Src/distance-sensor.o
 .bss.distance_mutex
                0x0000000020000090        0x4 ./Core/Src/distance-sensor.o
 .bss.Distance  0x0000000020000094        0x4 ./Core/Src/distance-sensor.o
 .bss.pMillis   0x0000000020000098        0x4 ./Core/Src/distance-sensor.o
                0x0000000020000098                pMillis
 .bss.time_start
                0x000000002000009c        0x4 ./Core/Src/distance-sensor.o
                0x000000002000009c                time_start
 .bss.time_end  0x00000000200000a0        0x4 ./Core/Src/distance-sensor.o
                0x00000000200000a0                time_end
 .bss.led_s     0x00000000200000a4        0x1 ./Core/Src/led.o
 *fill*         0x00000000200000a5        0x3 
 .bss.distance_mutex
                0x00000000200000a8        0x4 ./Core/Src/main.o
 .bss.temperature_mutex
                0x00000000200000ac        0x4 ./Core/Src/main.o
 .bss.temperature_t_mutex
                0x00000000200000b0        0x4 ./Core/Src/main.o
 .bss.hadc      0x00000000200000b4       0x54 ./Core/Src/main.o
                0x00000000200000b4                hadc
 .bss.htim2     0x0000000020000108       0x40 ./Core/Src/main.o
                0x0000000020000108                htim2
 .bss.htim3     0x0000000020000148       0x40 ./Core/Src/main.o
                0x0000000020000148                htim3
 .bss.defaultTaskHandle
                0x0000000020000188        0x4 ./Core/Src/main.o
                0x0000000020000188                defaultTaskHandle
 .bss.htim6     0x000000002000018c       0x40 ./Core/Src/stm32l1xx_hal_timebase_tim.o
                0x000000002000018c                htim6
 .bss.temperature
                0x00000000200001cc        0x4 ./Core/Src/temperature-sensor.o
 .bss.temperature_mutex
                0x00000000200001d0        0x4 ./Core/Src/temperature-sensor.o
 .bss.adc_value
                0x00000000200001d4        0x2 ./Core/Src/temperature-sensor.o
                0x00000000200001d4                adc_value
 *fill*         0x00000000200001d6        0x2 
 .bss.uwTick    0x00000000200001d8        0x4 ./Drivers/STM32L1xx_HAL_Driver/Src/stm32l1xx_hal.o
                0x00000000200001d8                uwTick
 .bss.KernelState
                0x00000000200001dc        0x4 ./Middlewares/Third_Party/FreeRTOS/Source/CMSIS_RTOS_V2/cmsis_os2.o
 .bss.Idle_TCB  0x00000000200001e0       0xa8 ./Middlewares/Third_Party/FreeRTOS/Source/CMSIS_RTOS_V2/cmsis_os2.o
 .bss.Idle_Stack
                0x0000000020000288      0x200 ./Middlewares/Third_Party/FreeRTOS/Source/CMSIS_RTOS_V2/cmsis_os2.o
 .bss.Timer_TCB
                0x0000000020000488       0xa8 ./Middlewares/Third_Party/FreeRTOS/Source/CMSIS_RTOS_V2/cmsis_os2.o
 .bss.Timer_Stack
                0x0000000020000530      0x400 ./Middlewares/Third_Party/FreeRTOS/Source/CMSIS_RTOS_V2/cmsis_os2.o
 .bss.xQueueRegistry
                0x0000000020000930       0x40 ./Middlewares/Third_Party/FreeRTOS/Source/queue.o
                0x0000000020000930                xQueueRegistry
 .bss.pxCurrentTCB
                0x0000000020000970        0x4 ./Middlewares/Third_Party/FreeRTOS/Source/tasks.o
                0x0000000020000970                pxCurrentTCB
 .bss.pxReadyTasksLists
                0x0000000020000974      0x460 ./Middlewares/Third_Party/FreeRTOS/Source/tasks.o
 .bss.xDelayedTaskList1
                0x0000000020000dd4       0x14 ./Middlewares/Third_Party/FreeRTOS/Source/tasks.o
 .bss.xDelayedTaskList2
                0x0000000020000de8       0x14 ./Middlewares/Third_Party/FreeRTOS/Source/tasks.o
 .bss.pxDelayedTaskList
                0x0000000020000dfc        0x4 ./Middlewares/Third_Party/FreeRTOS/Source/tasks.o
 .bss.pxOverflowDelayedTaskList
                0x0000000020000e00        0x4 ./Middlewares/Third_Party/FreeRTOS/Source/tasks.o
 .bss.xPendingReadyList
                0x0000000020000e04       0x14 ./Middlewares/Third_Party/FreeRTOS/Source/tasks.o
 .bss.xTasksWaitingTermination
                0x0000000020000e18       0x14 ./Middlewares/Third_Party/FreeRTOS/Source/tasks.o
 .bss.uxDeletedTasksWaitingCleanUp
                0x0000000020000e2c        0x4 ./Middlewares/Third_Party/FreeRTOS/Source/tasks.o
 .bss.xSuspendedTaskList
                0x0000000020000e30       0x14 ./Middlewares/Third_Party/FreeRTOS/Source/tasks.o
 .bss.uxCurrentNumberOfTasks
                0x0000000020000e44        0x4 ./Middlewares/Third_Party/FreeRTOS/Source/tasks.o
 .bss.xTickCount
                0x0000000020000e48        0x4 ./Middlewares/Third_Party/FreeRTOS/Source/tasks.o
 .bss.uxTopReadyPriority
                0x0000000020000e4c        0x4 ./Middlewares/Third_Party/FreeRTOS/Source/tasks.o
 .bss.xSchedulerRunning
                0x0000000020000e50        0x4 ./Middlewares/Third_Party/FreeRTOS/Source/tasks.o
 .bss.uxPendedTicks
                0x0000000020000e54        0x4 ./Middlewares/Third_Party/FreeRTOS/Source/tasks.o
 .bss.xYieldPending
                0x0000000020000e58        0x4 ./Middlewares/Third_Party/FreeRTOS/Source/tasks.o
 .bss.xNumOfOverflows
                0x0000000020000e5c        0x4 ./Middlewares/Third_Party/FreeRTOS/Source/tasks.o
 .bss.uxTaskNumber
                0x0000000020000e60        0x4 ./Middlewares/Third_Party/FreeRTOS/Source/tasks.o
 .bss.xNextTaskUnblockTime
                0x0000000020000e64        0x4 ./Middlewares/Third_Party/FreeRTOS/Source/tasks.o
 .bss.xIdleTaskHandle
                0x0000000020000e68        0x4 ./Middlewares/Third_Party/FreeRTOS/Source/tasks.o
 .bss.uxSchedulerSuspended
                0x0000000020000e6c        0x4 ./Middlewares/Third_Party/FreeRTOS/Source/tasks.o
 .bss.xActiveTimerList1
                0x0000000020000e70       0x14 ./Middlewares/Third_Party/FreeRTOS/Source/timers.o
 .bss.xActiveTimerList2
                0x0000000020000e84       0x14 ./Middlewares/Third_Party/FreeRTOS/Source/timers.o
 .bss.pxCurrentTimerList
                0x0000000020000e98        0x4 ./Middlewares/Third_Party/FreeRTOS/Source/timers.o
 .bss.pxOverflowTimerList
                0x0000000020000e9c        0x4 ./Middlewares/Third_Party/FreeRTOS/Source/timers.o
 .bss.xTimerQueue
                0x0000000020000ea0        0x4 ./Middlewares/Third_Party/FreeRTOS/Source/timers.o
 .bss.xTimerTaskHandle
                0x0000000020000ea4        0x4 ./Middlewares/Third_Party/FreeRTOS/Source/timers.o
 .bss.xLastTime.2
                0x0000000020000ea8        0x4 ./Middlewares/Third_Party/FreeRTOS/Source/timers.o
 .bss.ucStaticTimerQueueStorage.1
                0x0000000020000eac       0xa0 ./Middlewares/Third_Party/FreeRTOS/Source/timers.o
 .bss.xStaticTimerQueue.0
                0x0000000020000f4c       0x50 ./Middlewares/Third_Party/FreeRTOS/Source/timers.o
 .bss.ucMaxSysCallPriority
                0x0000000020000f9c        0x1 ./Middlewares/Third_Party/FreeRTOS/Source/portable/GCC/ARM_CM3/port.o
 *fill*         0x0000000020000f9d        0x3 
 .bss.ulMaxPRIGROUPValue
                0x0000000020000fa0        0x4 ./Middlewares/Third_Party/FreeRTOS/Source/portable/GCC/ARM_CM3/port.o
 .bss.ucHeap    0x0000000020000fa4      0xc00 ./Middlewares/Third_Party/FreeRTOS/Source/portable/MemMang/heap_4.o
 .bss.xStart    0x0000000020001ba4        0x8 ./Middlewares/Third_Party/FreeRTOS/Source/portable/MemMang/heap_4.o
 .bss.pxEnd     0x0000000020001bac        0x4 ./Middlewares/Third_Party/FreeRTOS/Source/portable/MemMang/heap_4.o
 .bss.xFreeBytesRemaining
                0x0000000020001bb0        0x4 ./Middlewares/Third_Party/FreeRTOS/Source/portable/MemMang/heap_4.o
 .bss.xMinimumEverFreeBytesRemaining
                0x0000000020001bb4        0x4 ./Middlewares/Third_Party/FreeRTOS/Source/portable/MemMang/heap_4.o
 .bss.xBlockAllocatedBit
                0x0000000020001bb8        0x4 ./Middlewares/Third_Party/FreeRTOS/Source/portable/MemMang/heap_4.o
 .bss.__sf      0x0000000020001bbc      0x138 C:/ST/STM32CubeIDE_1.14.1/STM32CubeIDE/plugins/com.st.stm32cube.ide.mcu.externaltools.gnu-tools-for-stm32.11.3.rel1.win32_1.1.100.202309141235/tools/bin/../lib/gcc/arm-none-eabi/11.3.1/../../../../arm-none-eabi/lib/thumb/v7-m/nofp\libc_nano.a(libc_a-findfp.o)
                0x0000000020001bbc                __sf
 .bss.__lock___malloc_recursive_mutex
                0x0000000020001cf4        0x1 C:/ST/STM32CubeIDE_1.14.1/STM32CubeIDE/plugins/com.st.stm32cube.ide.mcu.externaltools.gnu-tools-for-stm32.11.3.rel1.win32_1.1.100.202309141235/tools/bin/../lib/gcc/arm-none-eabi/11.3.1/../../../../arm-none-eabi/lib/thumb/v7-m/nofp\libc_nano.a(libc_a-lock.o)
                0x0000000020001cf4                __lock___malloc_recursive_mutex
 *fill*         0x0000000020001cf5        0x3 
 .bss.__malloc_free_list
                0x0000000020001cf8        0x4 C:/ST/STM32CubeIDE_1.14.1/STM32CubeIDE/plugins/com.st.stm32cube.ide.mcu.externaltools.gnu-tools-for-stm32.11.3.rel1.win32_1.1.100.202309141235/tools/bin/../lib/gcc/arm-none-eabi/11.3.1/../../../../arm-none-eabi/lib/thumb/v7-m/nofp\libc_nano.a(libc_a-mallocr.o)
                0x0000000020001cf8                __malloc_free_list
 *(COMMON)
                0x0000000020001cfc                . = ALIGN (0x4)
                0x0000000020001cfc                _ebss = .
                0x0000000020001cfc                __bss_end__ = _ebss

._user_heap_stack
                0x0000000020001cfc      0x604 load address 0x0000000008007640
                0x0000000020001d00                . = ALIGN (0x8)
 *fill*         0x0000000020001cfc        0x4 
                [!provide]                        PROVIDE (end = .)
                0x0000000020001d00                PROVIDE (_end = .)
                0x0000000020001f00                . = (. + _Min_Heap_Size)
 *fill*         0x0000000020001d00      0x200 
                0x0000000020002300                . = (. + _Min_Stack_Size)
 *fill*         0x0000000020001f00      0x400 
                0x0000000020002300                . = ALIGN (0x8)

/DISCARD/
 libc.a(*)
 libm.a(*)
 libgcc.a(*)

.ARM.attributes
                0x0000000000000000       0x29
 *(.ARM.attributes)
 .ARM.attributes
                0x0000000000000000       0x1d C:/ST/STM32CubeIDE_1.14.1/STM32CubeIDE/plugins/com.st.stm32cube.ide.mcu.externaltools.gnu-tools-for-stm32.11.3.rel1.win32_1.1.100.202309141235/tools/bin/../lib/gcc/arm-none-eabi/11.3.1/thumb/v7-m/nofp/crti.o
 .ARM.attributes
                0x000000000000001d       0x2d C:/ST/STM32CubeIDE_1.14.1/STM32CubeIDE/plugins/com.st.stm32cube.ide.mcu.externaltools.gnu-tools-for-stm32.11.3.rel1.win32_1.1.100.202309141235/tools/bin/../lib/gcc/arm-none-eabi/11.3.1/thumb/v7-m/nofp/crtbegin.o
 .ARM.attributes
                0x000000000000004a       0x2d ./Core/Src/alarm.o
 .ARM.attributes
                0x0000000000000077       0x2d ./Core/Src/distance-sensor.o
 .ARM.attributes
                0x00000000000000a4       0x2d ./Core/Src/led.o
 .ARM.attributes
                0x00000000000000d1       0x2d ./Core/Src/main.o
 .ARM.attributes
                0x00000000000000fe       0x2d ./Core/Src/stm32l1xx_hal_msp.o
 .ARM.attributes
                0x000000000000012b       0x2d ./Core/Src/stm32l1xx_hal_timebase_tim.o
 .ARM.attributes
                0x0000000000000158       0x2d ./Core/Src/stm32l1xx_it.o
 .ARM.attributes
                0x0000000000000185       0x2d ./Core/Src/system_stm32l1xx.o
 .ARM.attributes
                0x00000000000001b2       0x2d ./Core/Src/task-manager.o
 .ARM.attributes
                0x00000000000001df       0x2d ./Core/Src/temperature-sensor.o
 .ARM.attributes
                0x000000000000020c       0x21 ./Core/Startup/startup_stm32l152retx.o
 .ARM.attributes
                0x000000000000022d       0x2d ./Drivers/STM32L1xx_HAL_Driver/Src/stm32l1xx_hal.o
 .ARM.attributes
                0x000000000000025a       0x2d ./Drivers/STM32L1xx_HAL_Driver/Src/stm32l1xx_hal_adc.o
 .ARM.attributes
                0x0000000000000287       0x2d ./Drivers/STM32L1xx_HAL_Driver/Src/stm32l1xx_hal_adc_ex.o
 .ARM.attributes
                0x00000000000002b4       0x2d ./Drivers/STM32L1xx_HAL_Driver/Src/stm32l1xx_hal_cortex.o
 .ARM.attributes
                0x00000000000002e1       0x2d ./Drivers/STM32L1xx_HAL_Driver/Src/stm32l1xx_hal_gpio.o
 .ARM.attributes
                0x000000000000030e       0x2d ./Drivers/STM32L1xx_HAL_Driver/Src/stm32l1xx_hal_rcc.o
 .ARM.attributes
                0x000000000000033b       0x2d ./Drivers/STM32L1xx_HAL_Driver/Src/stm32l1xx_hal_tim.o
 .ARM.attributes
                0x0000000000000368       0x2d ./Drivers/STM32L1xx_HAL_Driver/Src/stm32l1xx_hal_tim_ex.o
 .ARM.attributes
                0x0000000000000395       0x2d ./Middlewares/Third_Party/FreeRTOS/Source/CMSIS_RTOS_V2/cmsis_os2.o
 .ARM.attributes
                0x00000000000003c2       0x2d ./Middlewares/Third_Party/FreeRTOS/Source/list.o
 .ARM.attributes
                0x00000000000003ef       0x2d ./Middlewares/Third_Party/FreeRTOS/Source/queue.o
 .ARM.attributes
                0x000000000000041c       0x2d ./Middlewares/Third_Party/FreeRTOS/Source/tasks.o
 .ARM.attributes
                0x0000000000000449       0x2d ./Middlewares/Third_Party/FreeRTOS/Source/timers.o
 .ARM.attributes
                0x0000000000000476       0x2d ./Middlewares/Third_Party/FreeRTOS/Source/portable/GCC/ARM_CM3/port.o
 .ARM.attributes
                0x00000000000004a3       0x2d ./Middlewares/Third_Party/FreeRTOS/Source/portable/MemMang/heap_4.o
 .ARM.attributes
                0x00000000000004d0       0x2d C:/ST/STM32CubeIDE_1.14.1/STM32CubeIDE/plugins/com.st.stm32cube.ide.mcu.externaltools.gnu-tools-for-stm32.11.3.rel1.win32_1.1.100.202309141235/tools/bin/../lib/gcc/arm-none-eabi/11.3.1/../../../../arm-none-eabi/lib/thumb/v7-m/nofp\libc_nano.a(libc_a-findfp.o)
 .ARM.attributes
                0x00000000000004fd       0x2d C:/ST/STM32CubeIDE_1.14.1/STM32CubeIDE/plugins/com.st.stm32cube.ide.mcu.externaltools.gnu-tools-for-stm32.11.3.rel1.win32_1.1.100.202309141235/tools/bin/../lib/gcc/arm-none-eabi/11.3.1/../../../../arm-none-eabi/lib/thumb/v7-m/nofp\libc_nano.a(libc_a-memset.o)
 .ARM.attributes
                0x000000000000052a       0x2d C:/ST/STM32CubeIDE_1.14.1/STM32CubeIDE/plugins/com.st.stm32cube.ide.mcu.externaltools.gnu-tools-for-stm32.11.3.rel1.win32_1.1.100.202309141235/tools/bin/../lib/gcc/arm-none-eabi/11.3.1/../../../../arm-none-eabi/lib/thumb/v7-m/nofp\libc_nano.a(libc_a-reent.o)
 .ARM.attributes
                0x0000000000000557       0x2d C:/ST/STM32CubeIDE_1.14.1/STM32CubeIDE/plugins/com.st.stm32cube.ide.mcu.externaltools.gnu-tools-for-stm32.11.3.rel1.win32_1.1.100.202309141235/tools/bin/../lib/gcc/arm-none-eabi/11.3.1/../../../../arm-none-eabi/lib/thumb/v7-m/nofp\libc_nano.a(libc_a-impure.o)
 .ARM.attributes
                0x0000000000000584       0x2d C:/ST/STM32CubeIDE_1.14.1/STM32CubeIDE/plugins/com.st.stm32cube.ide.mcu.externaltools.gnu-tools-for-stm32.11.3.rel1.win32_1.1.100.202309141235/tools/bin/../lib/gcc/arm-none-eabi/11.3.1/../../../../arm-none-eabi/lib/thumb/v7-m/nofp\libc_nano.a(libc_a-init.o)
 .ARM.attributes
                0x00000000000005b1       0x2d C:/ST/STM32CubeIDE_1.14.1/STM32CubeIDE/plugins/com.st.stm32cube.ide.mcu.externaltools.gnu-tools-for-stm32.11.3.rel1.win32_1.1.100.202309141235/tools/bin/../lib/gcc/arm-none-eabi/11.3.1/../../../../arm-none-eabi/lib/thumb/v7-m/nofp\libc_nano.a(libc_a-lock.o)
 .ARM.attributes
                0x00000000000005de       0x2d C:/ST/STM32CubeIDE_1.14.1/STM32CubeIDE/plugins/com.st.stm32cube.ide.mcu.externaltools.gnu-tools-for-stm32.11.3.rel1.win32_1.1.100.202309141235/tools/bin/../lib/gcc/arm-none-eabi/11.3.1/../../../../arm-none-eabi/lib/thumb/v7-m/nofp\libc_nano.a(libc_a-memcpy-stub.o)
 .ARM.attributes
                0x000000000000060b       0x2d C:/ST/STM32CubeIDE_1.14.1/STM32CubeIDE/plugins/com.st.stm32cube.ide.mcu.externaltools.gnu-tools-for-stm32.11.3.rel1.win32_1.1.100.202309141235/tools/bin/../lib/gcc/arm-none-eabi/11.3.1/../../../../arm-none-eabi/lib/thumb/v7-m/nofp\libc_nano.a(libc_a-freer.o)
 .ARM.attributes
                0x0000000000000638       0x2d C:/ST/STM32CubeIDE_1.14.1/STM32CubeIDE/plugins/com.st.stm32cube.ide.mcu.externaltools.gnu-tools-for-stm32.11.3.rel1.win32_1.1.100.202309141235/tools/bin/../lib/gcc/arm-none-eabi/11.3.1/../../../../arm-none-eabi/lib/thumb/v7-m/nofp\libc_nano.a(libc_a-mallocr.o)
 .ARM.attributes
                0x0000000000000665       0x2d C:/ST/STM32CubeIDE_1.14.1/STM32CubeIDE/plugins/com.st.stm32cube.ide.mcu.externaltools.gnu-tools-for-stm32.11.3.rel1.win32_1.1.100.202309141235/tools/bin/../lib/gcc/arm-none-eabi/11.3.1/../../../../arm-none-eabi/lib/thumb/v7-m/nofp\libc_nano.a(libc_a-mlock.o)
 .ARM.attributes
                0x0000000000000692       0x1d C:/ST/STM32CubeIDE_1.14.1/STM32CubeIDE/plugins/com.st.stm32cube.ide.mcu.externaltools.gnu-tools-for-stm32.11.3.rel1.win32_1.1.100.202309141235/tools/bin/../lib/gcc/arm-none-eabi/11.3.1/thumb/v7-m/nofp\libgcc.a(_arm_addsubdf3.o)
 .ARM.attributes
                0x00000000000006af       0x1d C:/ST/STM32CubeIDE_1.14.1/STM32CubeIDE/plugins/com.st.stm32cube.ide.mcu.externaltools.gnu-tools-for-stm32.11.3.rel1.win32_1.1.100.202309141235/tools/bin/../lib/gcc/arm-none-eabi/11.3.1/thumb/v7-m/nofp\libgcc.a(_arm_muldivdf3.o)
 .ARM.attributes
                0x00000000000006cc       0x1d C:/ST/STM32CubeIDE_1.14.1/STM32CubeIDE/plugins/com.st.stm32cube.ide.mcu.externaltools.gnu-tools-for-stm32.11.3.rel1.win32_1.1.100.202309141235/tools/bin/../lib/gcc/arm-none-eabi/11.3.1/thumb/v7-m/nofp\libgcc.a(_arm_fixdfsi.o)
 .ARM.attributes
                0x00000000000006e9       0x1d C:/ST/STM32CubeIDE_1.14.1/STM32CubeIDE/plugins/com.st.stm32cube.ide.mcu.externaltools.gnu-tools-for-stm32.11.3.rel1.win32_1.1.100.202309141235/tools/bin/../lib/gcc/arm-none-eabi/11.3.1/thumb/v7-m/nofp\libgcc.a(_arm_truncdfsf2.o)
 .ARM.attributes
                0x0000000000000706       0x1d C:/ST/STM32CubeIDE_1.14.1/STM32CubeIDE/plugins/com.st.stm32cube.ide.mcu.externaltools.gnu-tools-for-stm32.11.3.rel1.win32_1.1.100.202309141235/tools/bin/../lib/gcc/arm-none-eabi/11.3.1/thumb/v7-m/nofp\libgcc.a(_arm_addsubsf3.o)
 .ARM.attributes
                0x0000000000000723       0x1d C:/ST/STM32CubeIDE_1.14.1/STM32CubeIDE/plugins/com.st.stm32cube.ide.mcu.externaltools.gnu-tools-for-stm32.11.3.rel1.win32_1.1.100.202309141235/tools/bin/../lib/gcc/arm-none-eabi/11.3.1/thumb/v7-m/nofp\libgcc.a(_arm_fixsfsi.o)
 .ARM.attributes
                0x0000000000000740       0x1d C:/ST/STM32CubeIDE_1.14.1/STM32CubeIDE/plugins/com.st.stm32cube.ide.mcu.externaltools.gnu-tools-for-stm32.11.3.rel1.win32_1.1.100.202309141235/tools/bin/../lib/gcc/arm-none-eabi/11.3.1/thumb/v7-m/nofp\libgcc.a(_aeabi_uldivmod.o)
 .ARM.attributes
                0x000000000000075d       0x2d C:/ST/STM32CubeIDE_1.14.1/STM32CubeIDE/plugins/com.st.stm32cube.ide.mcu.externaltools.gnu-tools-for-stm32.11.3.rel1.win32_1.1.100.202309141235/tools/bin/../lib/gcc/arm-none-eabi/11.3.1/thumb/v7-m/nofp\libgcc.a(_udivmoddi4.o)
 .ARM.attributes
                0x000000000000078a       0x1d C:/ST/STM32CubeIDE_1.14.1/STM32CubeIDE/plugins/com.st.stm32cube.ide.mcu.externaltools.gnu-tools-for-stm32.11.3.rel1.win32_1.1.100.202309141235/tools/bin/../lib/gcc/arm-none-eabi/11.3.1/thumb/v7-m/nofp\libgcc.a(_dvmd_tls.o)
 .ARM.attributes
                0x00000000000007a7       0x1d C:/ST/STM32CubeIDE_1.14.1/STM32CubeIDE/plugins/com.st.stm32cube.ide.mcu.externaltools.gnu-tools-for-stm32.11.3.rel1.win32_1.1.100.202309141235/tools/bin/../lib/gcc/arm-none-eabi/11.3.1/thumb/v7-m/nofp/crtn.o
OUTPUT(extreme-temperature-control.elf elf32-littlearm)
LOAD linker stubs
LOAD C:/ST/STM32CubeIDE_1.14.1/STM32CubeIDE/plugins/com.st.stm32cube.ide.mcu.externaltools.gnu-tools-for-stm32.11.3.rel1.win32_1.1.100.202309141235/tools/bin/../lib/gcc/arm-none-eabi/11.3.1/../../../../arm-none-eabi/lib/thumb/v7-m/nofp\libc.a
LOAD C:/ST/STM32CubeIDE_1.14.1/STM32CubeIDE/plugins/com.st.stm32cube.ide.mcu.externaltools.gnu-tools-for-stm32.11.3.rel1.win32_1.1.100.202309141235/tools/bin/../lib/gcc/arm-none-eabi/11.3.1/../../../../arm-none-eabi/lib/thumb/v7-m/nofp\libm.a
LOAD C:/ST/STM32CubeIDE_1.14.1/STM32CubeIDE/plugins/com.st.stm32cube.ide.mcu.externaltools.gnu-tools-for-stm32.11.3.rel1.win32_1.1.100.202309141235/tools/bin/../lib/gcc/arm-none-eabi/11.3.1/thumb/v7-m/nofp\libgcc.a

.comment        0x0000000000000000       0x43
 .comment       0x0000000000000000       0x43 C:/ST/STM32CubeIDE_1.14.1/STM32CubeIDE/plugins/com.st.stm32cube.ide.mcu.externaltools.gnu-tools-for-stm32.11.3.rel1.win32_1.1.100.202309141235/tools/bin/../lib/gcc/arm-none-eabi/11.3.1/thumb/v7-m/nofp/crtbegin.o
                                         0x44 (size before relaxing)
 .comment       0x0000000000000043       0x44 ./Core/Src/alarm.o
 .comment       0x0000000000000043       0x44 ./Core/Src/distance-sensor.o
 .comment       0x0000000000000043       0x44 ./Core/Src/led.o
 .comment       0x0000000000000043       0x44 ./Core/Src/main.o
 .comment       0x0000000000000043       0x44 ./Core/Src/stm32l1xx_hal_msp.o
 .comment       0x0000000000000043       0x44 ./Core/Src/stm32l1xx_hal_timebase_tim.o
 .comment       0x0000000000000043       0x44 ./Core/Src/stm32l1xx_it.o
 .comment       0x0000000000000043       0x44 ./Core/Src/system_stm32l1xx.o
 .comment       0x0000000000000043       0x44 ./Core/Src/task-manager.o
 .comment       0x0000000000000043       0x44 ./Core/Src/temperature-sensor.o
 .comment       0x0000000000000043       0x44 ./Drivers/STM32L1xx_HAL_Driver/Src/stm32l1xx_hal.o
 .comment       0x0000000000000043       0x44 ./Drivers/STM32L1xx_HAL_Driver/Src/stm32l1xx_hal_adc.o
 .comment       0x0000000000000043       0x44 ./Drivers/STM32L1xx_HAL_Driver/Src/stm32l1xx_hal_adc_ex.o
 .comment       0x0000000000000043       0x44 ./Drivers/STM32L1xx_HAL_Driver/Src/stm32l1xx_hal_cortex.o
 .comment       0x0000000000000043       0x44 ./Drivers/STM32L1xx_HAL_Driver/Src/stm32l1xx_hal_gpio.o
 .comment       0x0000000000000043       0x44 ./Drivers/STM32L1xx_HAL_Driver/Src/stm32l1xx_hal_rcc.o
 .comment       0x0000000000000043       0x44 ./Drivers/STM32L1xx_HAL_Driver/Src/stm32l1xx_hal_tim.o
 .comment       0x0000000000000043       0x44 ./Drivers/STM32L1xx_HAL_Driver/Src/stm32l1xx_hal_tim_ex.o
 .comment       0x0000000000000043       0x44 ./Middlewares/Third_Party/FreeRTOS/Source/CMSIS_RTOS_V2/cmsis_os2.o
 .comment       0x0000000000000043       0x44 ./Middlewares/Third_Party/FreeRTOS/Source/list.o
 .comment       0x0000000000000043       0x44 ./Middlewares/Third_Party/FreeRTOS/Source/queue.o
 .comment       0x0000000000000043       0x44 ./Middlewares/Third_Party/FreeRTOS/Source/tasks.o
 .comment       0x0000000000000043       0x44 ./Middlewares/Third_Party/FreeRTOS/Source/timers.o
 .comment       0x0000000000000043       0x44 ./Middlewares/Third_Party/FreeRTOS/Source/portable/GCC/ARM_CM3/port.o
 .comment       0x0000000000000043       0x44 ./Middlewares/Third_Party/FreeRTOS/Source/portable/MemMang/heap_4.o

.debug_info     0x0000000000000000    0x174a4
 .debug_info    0x0000000000000000      0x282 ./Core/Src/alarm.o
 .debug_info    0x0000000000000282      0x959 ./Core/Src/distance-sensor.o
 .debug_info    0x0000000000000bdb      0x978 ./Core/Src/led.o
 .debug_info    0x0000000000001553     0x156d ./Core/Src/main.o
 .debug_info    0x0000000000002ac0      0xf26 ./Core/Src/stm32l1xx_hal_msp.o
 .debug_info    0x00000000000039e6      0xa13 ./Core/Src/stm32l1xx_hal_timebase_tim.o
 .debug_info    0x00000000000043f9      0xa0a ./Core/Src/stm32l1xx_it.o
 .debug_info    0x0000000000004e03      0x27c ./Core/Src/system_stm32l1xx.o
 .debug_info    0x000000000000507f      0xb0d ./Core/Src/task-manager.o
 .debug_info    0x0000000000005b8c      0x7f1 ./Core/Src/temperature-sensor.o
 .debug_info    0x000000000000637d       0x23 ./Core/Startup/startup_stm32l152retx.o
 .debug_info    0x00000000000063a0      0x6ef ./Drivers/STM32L1xx_HAL_Driver/Src/stm32l1xx_hal.o
 .debug_info    0x0000000000006a8f      0xe77 ./Drivers/STM32L1xx_HAL_Driver/Src/stm32l1xx_hal_adc.o
 .debug_info    0x0000000000007906      0x909 ./Drivers/STM32L1xx_HAL_Driver/Src/stm32l1xx_hal_adc_ex.o
 .debug_info    0x000000000000820f      0xcb0 ./Drivers/STM32L1xx_HAL_Driver/Src/stm32l1xx_hal_cortex.o
 .debug_info    0x0000000000008ebf      0x5b2 ./Drivers/STM32L1xx_HAL_Driver/Src/stm32l1xx_hal_gpio.o
 .debug_info    0x0000000000009471      0x991 ./Drivers/STM32L1xx_HAL_Driver/Src/stm32l1xx_hal_rcc.o
 .debug_info    0x0000000000009e02     0x27af ./Drivers/STM32L1xx_HAL_Driver/Src/stm32l1xx_hal_tim.o
 .debug_info    0x000000000000c5b1      0x6a8 ./Drivers/STM32L1xx_HAL_Driver/Src/stm32l1xx_hal_tim_ex.o
 .debug_info    0x000000000000cc59     0x4058 ./Middlewares/Third_Party/FreeRTOS/Source/CMSIS_RTOS_V2/cmsis_os2.o
 .debug_info    0x0000000000010cb1      0x2aa ./Middlewares/Third_Party/FreeRTOS/Source/list.o
 .debug_info    0x0000000000010f5b     0x1abf ./Middlewares/Third_Party/FreeRTOS/Source/queue.o
 .debug_info    0x0000000000012a1a     0x27b7 ./Middlewares/Third_Party/FreeRTOS/Source/tasks.o
 .debug_info    0x00000000000151d1     0x1a7c ./Middlewares/Third_Party/FreeRTOS/Source/timers.o
 .debug_info    0x0000000000016c4d      0x494 ./Middlewares/Third_Party/FreeRTOS/Source/portable/GCC/ARM_CM3/port.o
 .debug_info    0x00000000000170e1      0x3c3 ./Middlewares/Third_Party/FreeRTOS/Source/portable/MemMang/heap_4.o

.debug_abbrev   0x0000000000000000     0x3a7c
 .debug_abbrev  0x0000000000000000      0x114 ./Core/Src/alarm.o
 .debug_abbrev  0x0000000000000114      0x1f4 ./Core/Src/distance-sensor.o
 .debug_abbrev  0x0000000000000308      0x219 ./Core/Src/led.o
 .debug_abbrev  0x0000000000000521      0x31b ./Core/Src/main.o
 .debug_abbrev  0x000000000000083c      0x1b8 ./Core/Src/stm32l1xx_hal_msp.o
 .debug_abbrev  0x00000000000009f4      0x1f0 ./Core/Src/stm32l1xx_hal_timebase_tim.o
 .debug_abbrev  0x0000000000000be4      0x1a2 ./Core/Src/stm32l1xx_it.o
 .debug_abbrev  0x0000000000000d86      0x11c ./Core/Src/system_stm32l1xx.o
 .debug_abbrev  0x0000000000000ea2      0x21f ./Core/Src/task-manager.o
 .debug_abbrev  0x00000000000010c1      0x1cf ./Core/Src/temperature-sensor.o
 .debug_abbrev  0x0000000000001290       0x12 ./Core/Startup/startup_stm32l152retx.o
 .debug_abbrev  0x00000000000012a2      0x275 ./Drivers/STM32L1xx_HAL_Driver/Src/stm32l1xx_hal.o
 .debug_abbrev  0x0000000000001517      0x296 ./Drivers/STM32L1xx_HAL_Driver/Src/stm32l1xx_hal_adc.o
 .debug_abbrev  0x00000000000017ad      0x26c ./Drivers/STM32L1xx_HAL_Driver/Src/stm32l1xx_hal_adc_ex.o
 .debug_abbrev  0x0000000000001a19      0x327 ./Drivers/STM32L1xx_HAL_Driver/Src/stm32l1xx_hal_cortex.o
 .debug_abbrev  0x0000000000001d40      0x1d4 ./Drivers/STM32L1xx_HAL_Driver/Src/stm32l1xx_hal_gpio.o
 .debug_abbrev  0x0000000000001f14      0x2b8 ./Drivers/STM32L1xx_HAL_Driver/Src/stm32l1xx_hal_rcc.o
 .debug_abbrev  0x00000000000021cc      0x25e ./Drivers/STM32L1xx_HAL_Driver/Src/stm32l1xx_hal_tim.o
 .debug_abbrev  0x000000000000242a      0x168 ./Drivers/STM32L1xx_HAL_Driver/Src/stm32l1xx_hal_tim_ex.o
 .debug_abbrev  0x0000000000002592      0x465 ./Middlewares/Third_Party/FreeRTOS/Source/CMSIS_RTOS_V2/cmsis_os2.o
 .debug_abbrev  0x00000000000029f7       0xf5 ./Middlewares/Third_Party/FreeRTOS/Source/list.o
 .debug_abbrev  0x0000000000002aec      0x3ce ./Middlewares/Third_Party/FreeRTOS/Source/queue.o
 .debug_abbrev  0x0000000000002eba      0x3fe ./Middlewares/Third_Party/FreeRTOS/Source/tasks.o
 .debug_abbrev  0x00000000000032b8      0x367 ./Middlewares/Third_Party/FreeRTOS/Source/timers.o
 .debug_abbrev  0x000000000000361f      0x258 ./Middlewares/Third_Party/FreeRTOS/Source/portable/GCC/ARM_CM3/port.o
 .debug_abbrev  0x0000000000003877      0x205 ./Middlewares/Third_Party/FreeRTOS/Source/portable/MemMang/heap_4.o

.debug_aranges  0x0000000000000000     0x1220
 .debug_aranges
                0x0000000000000000       0x30 ./Core/Src/alarm.o
 .debug_aranges
                0x0000000000000030       0x30 ./Core/Src/distance-sensor.o
 .debug_aranges
                0x0000000000000060       0x48 ./Core/Src/led.o
 .debug_aranges
                0x00000000000000a8       0x60 ./Core/Src/main.o
 .debug_aranges
                0x0000000000000108       0x48 ./Core/Src/stm32l1xx_hal_msp.o
 .debug_aranges
                0x0000000000000150       0x30 ./Core/Src/stm32l1xx_hal_timebase_tim.o
 .debug_aranges
                0x0000000000000180       0x60 ./Core/Src/stm32l1xx_it.o
 .debug_aranges
                0x00000000000001e0       0x28 ./Core/Src/system_stm32l1xx.o
 .debug_aranges
                0x0000000000000208       0x40 ./Core/Src/task-manager.o
 .debug_aranges
                0x0000000000000248       0x30 ./Core/Src/temperature-sensor.o
 .debug_aranges
                0x0000000000000278       0x28 ./Core/Startup/startup_stm32l152retx.o
 .debug_aranges
                0x00000000000002a0       0xe0 ./Drivers/STM32L1xx_HAL_Driver/Src/stm32l1xx_hal.o
 .debug_aranges
                0x0000000000000380       0xf0 ./Drivers/STM32L1xx_HAL_Driver/Src/stm32l1xx_hal_adc.o
 .debug_aranges
                0x0000000000000470       0x58 ./Drivers/STM32L1xx_HAL_Driver/Src/stm32l1xx_hal_adc_ex.o
 .debug_aranges
                0x00000000000004c8      0x118 ./Drivers/STM32L1xx_HAL_Driver/Src/stm32l1xx_hal_cortex.o
 .debug_aranges
                0x00000000000005e0       0x58 ./Drivers/STM32L1xx_HAL_Driver/Src/stm32l1xx_hal_gpio.o
 .debug_aranges
                0x0000000000000638       0x90 ./Drivers/STM32L1xx_HAL_Driver/Src/stm32l1xx_hal_rcc.o
 .debug_aranges
                0x00000000000006c8      0x3d0 ./Drivers/STM32L1xx_HAL_Driver/Src/stm32l1xx_hal_tim.o
 .debug_aranges
                0x0000000000000a98       0x28 ./Drivers/STM32L1xx_HAL_Driver/Src/stm32l1xx_hal_tim_ex.o
 .debug_aranges
                0x0000000000000ac0      0x228 ./Middlewares/Third_Party/FreeRTOS/Source/CMSIS_RTOS_V2/cmsis_os2.o
 .debug_aranges
                0x0000000000000ce8       0x40 ./Middlewares/Third_Party/FreeRTOS/Source/list.o
 .debug_aranges
                0x0000000000000d28      0x158 ./Middlewares/Third_Party/FreeRTOS/Source/queue.o
 .debug_aranges
                0x0000000000000e80      0x1f8 ./Middlewares/Third_Party/FreeRTOS/Source/tasks.o
 .debug_aranges
                0x0000000000001078       0xe0 ./Middlewares/Third_Party/FreeRTOS/Source/timers.o
 .debug_aranges
                0x0000000000001158       0x78 ./Middlewares/Third_Party/FreeRTOS/Source/portable/GCC/ARM_CM3/port.o
 .debug_aranges
                0x00000000000011d0       0x50 ./Middlewares/Third_Party/FreeRTOS/Source/portable/MemMang/heap_4.o

.debug_rnglists
                0x0000000000000000      0xdc2
 .debug_rnglists
                0x0000000000000000       0x20 ./Core/Src/alarm.o
 .debug_rnglists
                0x0000000000000020       0x20 ./Core/Src/distance-sensor.o
 .debug_rnglists
                0x0000000000000040       0x31 ./Core/Src/led.o
 .debug_rnglists
                0x0000000000000071       0x49 ./Core/Src/main.o
 .debug_rnglists
                0x00000000000000ba       0x32 ./Core/Src/stm32l1xx_hal_msp.o
 .debug_rnglists
                0x00000000000000ec       0x20 ./Core/Src/stm32l1xx_hal_timebase_tim.o
 .debug_rnglists
                0x000000000000010c       0x43 ./Core/Src/stm32l1xx_it.o
 .debug_rnglists
                0x000000000000014f       0x1a ./Core/Src/system_stm32l1xx.o
 .debug_rnglists
                0x0000000000000169       0x2b ./Core/Src/task-manager.o
 .debug_rnglists
                0x0000000000000194       0x1f ./Core/Src/temperature-sensor.o
 .debug_rnglists
                0x00000000000001b3       0x19 ./Core/Startup/startup_stm32l152retx.o
 .debug_rnglists
                0x00000000000001cc       0xa3 ./Drivers/STM32L1xx_HAL_Driver/Src/stm32l1xx_hal.o
 .debug_rnglists
                0x000000000000026f       0xbd ./Drivers/STM32L1xx_HAL_Driver/Src/stm32l1xx_hal_adc.o
 .debug_rnglists
                0x000000000000032c       0x43 ./Drivers/STM32L1xx_HAL_Driver/Src/stm32l1xx_hal_adc_ex.o
 .debug_rnglists
                0x000000000000036f       0xce ./Drivers/STM32L1xx_HAL_Driver/Src/stm32l1xx_hal_cortex.o
 .debug_rnglists
                0x000000000000043d       0x3f ./Drivers/STM32L1xx_HAL_Driver/Src/stm32l1xx_hal_gpio.o
 .debug_rnglists
                0x000000000000047c       0x6d ./Drivers/STM32L1xx_HAL_Driver/Src/stm32l1xx_hal_rcc.o
 .debug_rnglists
                0x00000000000004e9      0x307 ./Drivers/STM32L1xx_HAL_Driver/Src/stm32l1xx_hal_tim.o
 .debug_rnglists
                0x00000000000007f0       0x1a ./Drivers/STM32L1xx_HAL_Driver/Src/stm32l1xx_hal_tim_ex.o
 .debug_rnglists
                0x000000000000080a      0x1b4 ./Middlewares/Third_Party/FreeRTOS/Source/CMSIS_RTOS_V2/cmsis_os2.o
 .debug_rnglists
                0x00000000000009be       0x2b ./Middlewares/Third_Party/FreeRTOS/Source/list.o
 .debug_rnglists
                0x00000000000009e9      0x109 ./Middlewares/Third_Party/FreeRTOS/Source/queue.o
 .debug_rnglists
                0x0000000000000af2      0x194 ./Middlewares/Third_Party/FreeRTOS/Source/tasks.o
 .debug_rnglists
                0x0000000000000c86       0xab ./Middlewares/Third_Party/FreeRTOS/Source/timers.o
 .debug_rnglists
                0x0000000000000d31       0x56 ./Middlewares/Third_Party/FreeRTOS/Source/portable/GCC/ARM_CM3/port.o
 .debug_rnglists
                0x0000000000000d87       0x3b ./Middlewares/Third_Party/FreeRTOS/Source/portable/MemMang/heap_4.o

.debug_macro    0x0000000000000000    0x18d32
 .debug_macro   0x0000000000000000      0x2e1 ./Core/Src/alarm.o
 .debug_macro   0x00000000000002e1      0xa9c ./Core/Src/alarm.o
 .debug_macro   0x0000000000000d7d      0x10f ./Core/Src/alarm.o
 .debug_macro   0x0000000000000e8c       0x2e ./Core/Src/alarm.o
 .debug_macro   0x0000000000000eba       0x22 ./Core/Src/alarm.o
 .debug_macro   0x0000000000000edc       0x22 ./Core/Src/alarm.o
 .debug_macro   0x0000000000000efe       0x8e ./Core/Src/alarm.o
 .debug_macro   0x0000000000000f8c       0x51 ./Core/Src/alarm.o
 .debug_macro   0x0000000000000fdd      0x103 ./Core/Src/alarm.o
 .debug_macro   0x00000000000010e0       0x6a ./Core/Src/alarm.o
 .debug_macro   0x000000000000114a      0x1df ./Core/Src/alarm.o